workspaces
  Function id=0 parent=None name=None
  Function id=1 parent=Some(0) name=Some("builtin_logical_values")
scopes
  CompilationUnit id=0 parent=None workspace=0
  FunctionBody id=1 parent=Some(0) workspace=1
symbols
  ans kind=variable scope=0 workspace=0 binding=Some(0)
  builtin_logical_values kind=function scope=0 workspace=0 binding=None
  ans kind=variable scope=1 workspace=1 binding=Some(1)
  y kind=output scope=1 workspace=1 binding=Some(2)
  a kind=variable scope=1 workspace=1 binding=Some(3)
  b kind=variable scope=1 workspace=1 binding=Some(4)
  c kind=variable scope=1 workspace=1 binding=Some(5)
  d kind=variable scope=1 workspace=1 binding=Some(6)
  e kind=variable scope=1 workspace=1 binding=Some(7)
bindings
  ans id=0 storage=local owner_symbol=0 owner_scope=0 owner_workspace=0 shared=false
  ans id=1 storage=local owner_symbol=2 owner_scope=1 owner_workspace=1 shared=false
  y id=2 storage=local owner_symbol=3 owner_scope=1 owner_workspace=1 shared=false
  a id=3 storage=local owner_symbol=4 owner_scope=1 owner_workspace=1 shared=false
  b id=4 storage=local owner_symbol=5 owner_scope=1 owner_workspace=1 shared=false
  c id=5 storage=local owner_symbol=6 owner_scope=1 owner_workspace=1 shared=false
  d id=6 storage=local owner_symbol=7 owner_scope=1 owner_workspace=1 shared=false
  e id=7 storage=local owner_symbol=8 owner_scope=1 owner_workspace=1 shared=false
references
  true role=value resolution=builtin_value symbol=None kind=none scope=None workspace=None binding=None capture=none
  false role=value resolution=builtin_value symbol=None kind=none scope=None workspace=None binding=None capture=none
  true role=call_target resolution=builtin_function symbol=None kind=none scope=None workspace=None binding=None capture=none
  false role=call_target resolution=builtin_function symbol=None kind=none scope=None workspace=None binding=None capture=none
  islogical role=call_target resolution=builtin_function symbol=None kind=none scope=None workspace=None binding=None capture=none
  a role=value resolution=workspace_value symbol=Some(4) kind=variable scope=Some(1) workspace=Some(1) binding=Some(3) capture=none
  c role=value resolution=workspace_value symbol=Some(6) kind=variable scope=Some(1) workspace=Some(1) binding=Some(5) capture=none
captures
diagnostics
