workspaces
  Script id=0 parent=None name=None
scopes
  CompilationUnit id=0 parent=None workspace=0
symbols
  ans kind=variable scope=0 workspace=0 binding=Some(0)
  s kind=variable scope=0 workspace=0 binding=Some(1)
  idx kind=variable scope=0 workspace=0 binding=Some(2)
  x kind=variable scope=0 workspace=0 binding=Some(3)
  c kind=variable scope=0 workspace=0 binding=Some(4)
  a kind=variable scope=0 workspace=0 binding=Some(5)
  b kind=variable scope=0 workspace=0 binding=Some(6)
  d kind=variable scope=0 workspace=0 binding=Some(7)
  e kind=variable scope=0 workspace=0 binding=Some(8)
  f kind=variable scope=0 workspace=0 binding=Some(9)
  g kind=variable scope=0 workspace=0 binding=Some(10)
bindings
  ans id=0 storage=local owner_symbol=0 owner_scope=0 owner_workspace=0 shared=false
  s id=1 storage=local owner_symbol=1 owner_scope=0 owner_workspace=0 shared=false
  idx id=2 storage=local owner_symbol=2 owner_scope=0 owner_workspace=0 shared=false
  x id=3 storage=local owner_symbol=3 owner_scope=0 owner_workspace=0 shared=false
  c id=4 storage=local owner_symbol=4 owner_scope=0 owner_workspace=0 shared=false
  a id=5 storage=local owner_symbol=5 owner_scope=0 owner_workspace=0 shared=false
  b id=6 storage=local owner_symbol=6 owner_scope=0 owner_workspace=0 shared=false
  d id=7 storage=local owner_symbol=7 owner_scope=0 owner_workspace=0 shared=false
  e id=8 storage=local owner_symbol=8 owner_scope=0 owner_workspace=0 shared=false
  f id=9 storage=local owner_symbol=9 owner_scope=0 owner_workspace=0 shared=false
  g id=10 storage=local owner_symbol=10 owner_scope=0 owner_workspace=0 shared=false
references
  s role=value resolution=workspace_value symbol=Some(1) kind=variable scope=Some(0) workspace=Some(0) binding=Some(1) capture=none
  true role=value resolution=builtin_value symbol=None kind=none scope=None workspace=None binding=None capture=none
  s role=value resolution=workspace_value symbol=Some(1) kind=variable scope=Some(0) workspace=Some(0) binding=Some(1) capture=none
  s role=value resolution=workspace_value symbol=Some(1) kind=variable scope=Some(0) workspace=Some(0) binding=Some(1) capture=none
  idx role=value resolution=workspace_value symbol=Some(2) kind=variable scope=Some(0) workspace=Some(0) binding=Some(2) capture=none
  false role=value resolution=builtin_value symbol=None kind=none scope=None workspace=None binding=None capture=none
  s role=value resolution=workspace_value symbol=Some(1) kind=variable scope=Some(0) workspace=Some(0) binding=Some(1) capture=none
  idx role=value resolution=workspace_value symbol=Some(2) kind=variable scope=Some(0) workspace=Some(0) binding=Some(2) capture=none
  x role=value resolution=workspace_value symbol=Some(3) kind=variable scope=Some(0) workspace=Some(0) binding=Some(3) capture=none
  c role=value resolution=workspace_value symbol=Some(4) kind=variable scope=Some(0) workspace=Some(0) binding=Some(4) capture=none
  s role=value resolution=workspace_value symbol=Some(1) kind=variable scope=Some(0) workspace=Some(0) binding=Some(1) capture=none
  s role=value resolution=workspace_value symbol=Some(1) kind=variable scope=Some(0) workspace=Some(0) binding=Some(1) capture=none
  x role=value resolution=workspace_value symbol=Some(3) kind=variable scope=Some(0) workspace=Some(0) binding=Some(3) capture=none
  c role=value resolution=workspace_value symbol=Some(4) kind=variable scope=Some(0) workspace=Some(0) binding=Some(4) capture=none
  s role=call_target resolution=workspace_value symbol=Some(1) kind=variable scope=Some(0) workspace=Some(0) binding=Some(1) capture=none
  idx role=value resolution=workspace_value symbol=Some(2) kind=variable scope=Some(0) workspace=Some(0) binding=Some(2) capture=none
  s role=value resolution=workspace_value symbol=Some(1) kind=variable scope=Some(0) workspace=Some(0) binding=Some(1) capture=none
captures
diagnostics
