workspaces
  Function id=0 parent=None name=None
  Function id=1 parent=Some(0) name=Some("indexed_handle")
scopes
  CompilationUnit id=0 parent=None workspace=0
  FunctionBody id=1 parent=Some(0) workspace=1
symbols
  ans kind=variable scope=0 workspace=0 binding=Some(0)
  indexed_handle kind=function scope=0 workspace=0 binding=None
  ans kind=variable scope=1 workspace=1 binding=Some(1)
  objs kind=parameter scope=1 workspace=1 binding=Some(2)
  y kind=output scope=1 workspace=1 binding=Some(3)
  f kind=variable scope=1 workspace=1 binding=Some(4)
  g kind=variable scope=1 workspace=1 binding=Some(5)
bindings
  ans id=0 storage=local owner_symbol=0 owner_scope=0 owner_workspace=0 shared=false
  ans id=1 storage=local owner_symbol=2 owner_scope=1 owner_workspace=1 shared=false
  objs id=2 storage=local owner_symbol=3 owner_scope=1 owner_workspace=1 shared=false
  y id=3 storage=local owner_symbol=4 owner_scope=1 owner_workspace=1 shared=false
  f id=4 storage=local owner_symbol=5 owner_scope=1 owner_workspace=1 shared=false
  g id=5 storage=local owner_symbol=6 owner_scope=1 owner_workspace=1 shared=false
references
  objs role=call_target resolution=workspace_value symbol=Some(3) kind=parameter scope=Some(1) workspace=Some(1) binding=Some(2) capture=none
  objs role=value resolution=workspace_value symbol=Some(3) kind=parameter scope=Some(1) workspace=Some(1) binding=Some(2) capture=none
  f role=value resolution=workspace_value symbol=Some(5) kind=variable scope=Some(1) workspace=Some(1) binding=Some(4) capture=none
captures
diagnostics
