workspace
  a(:,:,1) = [1, 3 ; 2, 4]
  a(:,:,2) = [5, 7 ; 6, 8]
  p_default(:,:,1) = [1.5, 3.5]
  p_default(:,:,2) = [5.5, 7.5]
  p_dim3 = [3, 5 ; 4, 6]
  p_dim3_multi(:,:,1) = [1, 3 ; 2, 4]
  p_dim3_multi(:,:,2) = [3, 5 ; 4, 6]
  p_dim3_multi(:,:,3) = [5, 7 ; 6, 8]
  q_default(:,:,1) = [1.5, 3.5]
  q_default(:,:,2) = [5.5, 7.5]
  q_dim3 = [3, 5 ; 4, 6]
  q_dim3_multi(:,:,1) = [1, 3 ; 2, 4]
  q_dim3_multi(:,:,2) = [3, 5 ; 4, 6]
  q_dim3_multi(:,:,3) = [5, 7 ; 6, 8]
