workspace
  p_col_dim2 = [1, 1, 1 ; 2, 2, 2 ; 3, 3, 3]
  p_cols = [1.5, 2.75 ; 3, 5 ; 4.5, 5.75]
  p_dim3_multi(:,:,1) = [1, 2 ; 3, 5 ; 5, 6]
  p_dim3_multi(:,:,2) = [1, 2 ; 3, 5 ; 5, 6]
  p_dim3_multi(:,:,3) = [1, 2 ; 3, 5 ; 5, 6]
  p_dim3_scalar = [1, 2 ; 3, 5 ; 5, 6]
  p_row_dim1 = [1, 2, 3 ; 1, 2, 3 ; 1, 2, 3]
  p_rows = [1, 1.5, 2 ; 3, 4, 5 ; 5, 5.5, 6]
  q_col_dim2 = [1, 1, 1 ; 2, 2, 2 ; 3, 3, 3]
  q_cols = [1.5, 2.75 ; 3, 5 ; 4.5, 5.75]
  q_dim3_multi(:,:,1) = [1, 2 ; 3, 5 ; 5, 6]
  q_dim3_multi(:,:,2) = [1, 2 ; 3, 5 ; 5, 6]
  q_dim3_multi(:,:,3) = [1, 2 ; 3, 5 ; 5, 6]
  q_dim3_scalar = [1, 2 ; 3, 5 ; 5, 6]
  q_even = [2, 6.5, 15]
  q_row_dim1 = [1, 2, 3 ; 1, 2, 3 ; 1, 2, 3]
  q_rows = [1, 1.5, 2 ; 3, 4, 5 ; 5, 5.5, 6]
  q_scalar = 2
