workspace
  a(:,:,1) = [1, 3 ; 2, 4]
  a(:,:,2) = [5, 7 ; 6, 8]
  empty_axis = []
  empty_pages(:,:,1) = []
  empty_pages(:,:,2) = []
  empty_pages(:,:,3) = []
  empty_pages(:,:,4) = []
  m = [1, 3 ; 2, 4]
  p123 = [2.5, 4.5, 6.5]
  p13 = [1.5, 3.5 ; 3.5, 5.5 ; 5.5, 7.5]
  p4(:,:,1, 1) = [1, 3 ; 2, 4]
  p4(:,:,1, 2) = [1, 3 ; 2, 4]
  p_empty_axis_3(:,:,1) = [NaN, NaN ; NaN, NaN]
  p_empty_axis_3(:,:,2) = [NaN, NaN ; NaN, NaN]
  p_empty_axis_3_size = [2, 2, 2]
  p_empty_pages_13 = [NaN, NaN ; NaN, NaN]
  p_empty_pages_13_size = [2, 2]
  q123 = [2.5, 4.5, 6.5]
  q13 = [1.5, 3.5 ; 3.5, 5.5 ; 5.5, 7.5]
  q4(:,:,1, 1) = [1, 3 ; 2, 4]
  q4(:,:,1, 2) = [1, 3 ; 2, 4]
  q_empty_axis_3(:,:,1) = [NaN, NaN ; NaN, NaN]
  q_empty_axis_3(:,:,2) = [NaN, NaN ; NaN, NaN]
  q_empty_axis_3_size = [2, 2, 2]
  q_empty_pages_13 = [NaN, NaN ; NaN, NaN]
  q_empty_pages_13_size = [2, 2]
  zzz_quantile13_omitmissing = [4, 6]
  zzza_quantile13_includemissing = [4, NaN]
  zzzb_prctile13_omitmissing = [4, 6]
  zzzc_prctile13_includemissing = [4, NaN]
