workspace
  alled = [true ; false ; false ; true]
  anyed = [true ; false ; false ; true]
  defaulted = [40 ; 20 ; 40]
  expanded = [2 ; 0 ; 4 ; 0]
  filled = [5 ; -1 ; 2 ; -1]
  lengthed = [2 ; 0 ; 2]
  maxed = [5 ; 3 ; 0 ; 7]
  meaned = [15, -9 ; -9, 40]
  medianed = [7 ; 4 ; 4]
  moded = [5 ; 7 ; 4]
  nnzed = [1 ; 0 ; 2]
  one_d = [40 ; 20 ; 40]
  proded = [6 ; 5 ; 0 ; 7]
  stded = [0.7778174593052083 ; 1.7677669529663689 ; 0]
  three_d(:,:,1) = [10, 30 ; 0, 0]
  three_d(:,:,2) = [0, 0 ; 20, 40]
  two_d = [10, 30 ; 0, 60]
  vared = [0.6050000000000093 ; 3.125 ; 0]
