workspace
  cube(:,:,1) = [1, 2 ; 3, 4]
  cube(:,:,2) = [5, 6 ; 7, 8]
  cube(:,:,3) = [9, 10 ; 11, 12]
  iqr_all = 3
  iqr_col_dim2 = [0 ; 0 ; 0]
  iqr_cols = [3, 3]
  iqr_cube(:,:,1) = [2, 2]
  iqr_cube(:,:,2) = [2, 2]
  iqr_cube(:,:,3) = [2, 2]
  iqr_cube_dim3 = [6, 6 ; 6, 6]
  iqr_dim3 = [0, 0 ; 0, 0 ; 0, 0]
  iqr_dim3_full = [0, 0 ; 0, 0 ; 0, 0]
  iqr_empty = []
  iqr_empty_cols = [NaN, NaN, NaN]
  iqr_empty_rows = []
  iqr_row_dim1 = [0, 0, 0]
  iqr_rows = [1 ; 2 ; 1]
  iqr_vec12 = 3
  q_all = [2, 5]
  q_col_dim2 = [1, 1 ; 2, 2 ; 3, 3]
  q_cols = [1.5, 2.75 ; 4.5, 5.75]
  q_cube(:,:,1) = [1, 2 ; 3, 4]
  q_cube(:,:,2) = [5, 6 ; 7, 8]
  q_cube(:,:,3) = [9, 10 ; 11, 12]
  q_cube_dim3(:,:,1) = [2, 3 ; 4, 5]
  q_cube_dim3(:,:,2) = [8, 9 ; 10, 11]
  q_dim3_full(:,:,1) = [1, 2 ; 3, 5 ; 5, 6]
  q_dim3_full(:,:,2) = [1, 2 ; 3, 5 ; 5, 6]
  q_empty_cols = [NaN, NaN, NaN ; NaN, NaN, NaN]
  q_empty_rows = []
  q_row_dim1 = [1, 2, 3 ; 1, 2, 3]
  q_rows = [1, 2 ; 3, 5 ; 5, 6]
  q_vec12 = [2, 5]
  r_all = 5
  r_col_dim2 = [0 ; 0 ; 0]
  r_cols = [4, 4]
  r_cube(:,:,1) = [2, 2]
  r_cube(:,:,2) = [2, 2]
  r_cube(:,:,3) = [2, 2]
  r_cube_dim3 = [8, 8 ; 8, 8]
  r_dim3 = [0, 0 ; 0, 0 ; 0, 0]
  r_row_dim1 = [0, 0, 0]
  r_rows = [1 ; 2 ; 1]
  r_vec12 = 5
