workspace
  cumtrapz_default = [0, 1.5, 4, 7.5]
  cumtrapz_dim2 = [0, 1.5 ; 0, 4.5 ; 0, 7.5]
  cumtrapz_dim3 = [0, 0 ; 0, 0 ; 0, 0]
  cumtrapz_empty = []
  cumtrapz_empty_cols = []
  cumtrapz_empty_cols_size = [3, 0]
  cumtrapz_empty_rows = []
  cumtrapz_empty_rows_size = [0, 3]
  cumtrapz_empty_size = [0, 0]
  cumtrapz_xy = [0, 0.5, 3, 23]
  trapz_default = 7.5
  trapz_dim2 = [1.5 ; 4.5 ; 7.5]
  trapz_dim3 = [0, 0 ; 0, 0 ; 0, 0]
  trapz_empty = []
  trapz_empty_cols = []
  trapz_empty_cols_size = [1, 0]
  trapz_empty_rows = [0, 0, 0]
  trapz_empty_rows_size = [1, 3]
  trapz_empty_size = [1, 0]
  trapz_xy = 23
