workspace
  col_iir = [1 ; 0.5 ; 0.25]
  col_zi = [15 ; 11]
  complex_fir = [1, 2 + 1i, 3 + 2i]
  complex_fir_state = 3i
  default_state = [4, 5, 6]
  fir_row = [1, 3, 5, 7]
  fir_row_2 = [1, 3, 5, 7]
  fir_state = 4
  mat_default = [1, 2, 3 ; 5, 7, 9]
  mat_default_2 = [1, 2, 3 ; 5, 7, 9]
  mat_pages = [1, 2, 3 ; 4, 5, 6]
  mat_rows = [1, 3, 5 ; 4, 9, 11]
  page_default(:,:,1) = [1]
  page_default(:,:,2) = [3]
  page_default(:,:,3) = [5]
  page_default(:,:,4) = [7]
  page_default_ndims = 3
  page_default_size = [1, 1, 4]
  page_default_state = 4
  page_state(:,:,1) = [1, 4]
  page_state(:,:,2) = [2, 5]
  page_state(:,:,3) = [3, 6]
  row_state = [3, 6]
  row_zi = [11, 3, 5 ; 24, 9, 11]
  row_zi_state = [3, 6]
