workspace
  a(:,:,1) = [0, 0, 0 ; 0, 0, 0]
  a(:,:,2) = [0, 0, 0 ; 0, 0, 0]
  a(:,:,3) = [0, 0, 0 ; 0, 0, 0]
  a(:,:,4) = [0, 0, 0 ; 0, 0, 0]
  a0 = 0
  a_neg = [0, 3]
  a_vec_neg = [2, 0, 3]
  b = [2, 3, 4]
  c = 3
  d = [2, 3, 4, 1]
  e(:,:,1) = [1 ; 1]
  e(:,:,2) = [1 ; 1]
  e(:,:,3) = [1 ; 1]
  e0 = 1
  e_cast_empty = []
  e_cast_empty_class = 'int64'
  e_cast_empty_f = []
  e_cast_empty_f_class = 'int64'
  e_cast_empty_float = false
  e_cast_empty_integer = true
  e_cast_empty_isa_double = false
  e_cast_empty_isdouble = false
  e_cast_empty_r = []
  e_cast_empty_r_class = 'int64'
  e_cast_empty_rot = []
  e_cast_empty_rot_class = 'int64'
  e_cast_empty_t = []
  e_cast_empty_t_class = 'int64'
  e_cast_signed = [0, -1]
  e_cast_signed_class = 'int64'
  e_empty_like = []
  e_empty_like_class = 'int64'
  e_empty_like_float = false
  e_empty_like_integer = true
  e_like = [1, 1, 1]
  e_like_class = 'int64'
  e_like_numeric = true
  e_neg = [0, 3]
  e_scalar_numeric = true
  e_scalar_rep0 = []
  e_scalar_rep0_class = 'int64'
  e_vec_neg = [2, 0, 3]
  f = [2, 1, 3]
  f_cast_empty = []
  f_cast_empty_class = 'uint64'
  f_cast_empty_float = false
  f_cast_empty_integer = true
  f_cast_empty_isa_double = false
  f_cast_empty_isdouble = false
  f_cast_empty_r = []
  f_cast_empty_r_class = 'uint64'
  f_cast_empty_shift = []
  f_cast_empty_shift_class = 'uint64'
  f_cast_empty_t = []
  f_cast_empty_t_class = 'uint64'
  f_empty_like = []
  f_empty_like_class = 'uint64'
  f_empty_like_float = false
  f_empty_like_integer = true
  f_like = [false, false ; false, false]
  f_like_class = 'logical'
  f_like_numeric = false
  f_scalar_rep0 = []
  f_scalar_rep0_class = 'uint64'
  f_uint_numeric = true
  g(:,:,1) = [true ; true]
  g(:,:,2) = [true ; true]
  g(:,:,3) = [true ; true]
  g0 = true
  g_neg = [0, 2]
  g_neg_class = 'logical'
  h = [2, 1, 3]
  i(:,:,1) = [false, false]
  i(:,:,2) = [false, false]
  i(:,:,3) = [false, false]
  j = [1, 2, 3]
  j0 = false
  j_neg = [2, 0, 3]
  j_neg_class = 'logical'
  k(:,:,1) = [inf, inf ; inf, inf]
  k(:,:,2) = [inf, inf ; inf, inf]
  l = [2, 2, 2]
  l0 = inf
  l_neg = [0, 1, 3]
  m(:,:,1) = [NaN, NaN, NaN]
  m(:,:,2) = [NaN, NaN, NaN]
  n = [1, 3, 2]
  n0 = NaN
  n_neg = [2, 0, 3]
