workspace
  a = 3 + 4i
  aa = [0, 1.1902899496825317 ; 0, -0.24497866312686414]
  ab = false
  ac = 4 + 2i
  ad = 2 + 6i
  ae = 11 - 2i
  af = -1 + 2i
  ag = -0.2 - 0.4i
  ah = -3 - 4i
  ai = 3 + 4i
  aj = true
  ak = true
  al = [3, 4 + 5i ; 5, 6 - 1i]
  am = [1i, -5 + 2i ; 3i, 1 + 4i]
  an = 2
  ao = 1i
  ap = [true, true ; true, true]
  aq = [false, true ; false, false]
  ar = 1i
  as = 1i
  at = 1 + 2i
  au = -1i
  av = true
  aw = -1
  ax = 1i
  ay = 2i
  az = 3 + 4i
  b = [1, 2 + 5i ; 3, 4 - 1i]
  ba = 5 - 6i
  bb = [1i, 2 ; 0.03i, 4i]
  bc = 1 + 6i
  bd = 0
  be = 7
  bf = true
  bg = 2i
  bh = [4, 6 + 2i]
  bi = 3 + 1i
  bj = 2 + 2i
  bk = [1 + 1i, 3 + 1i, 6]
  bl = [1 + 1i, 2 + 2i, 8 + 4i]
  bm = [1 + 1i, 3 + 1i, 5 - 1i]
  bn = [1 + 1i, 1.5 + 0.5i, 2.5 - 0.5i]
  bo = [1 + 1i, 2 + 2i, 6 - 2i]
  bp = [3 + 2i, 5 + 3i]
  bq = 6 + 1i
  br = [0, 2 + 1i, 6 + 1i]
  bs = 4 + 2i
  bt = 2 + 6i
  bu = 11 - 2i
  bv = -1 + 2i
  bw = -0.2 - 0.4i
  bx = 3 + 4i
  by = -3 - 4i
  bz = 2i
  c = 3
  ca = true
  cb = true
  d = 4
  e = 3 - 4i
  f = 5
  g = 0.9272952180016122
  h = false
  i = [1 + 5i, 2 + 5i]
  j = [1, 2]
  k = [5, 5]
  l = [1 - 5i, 2 - 5i]
  m = [5.0990195135927845, 5.385164807134504]
  n = [1.373400766945016, 1.1902899496825317]
  o = [1, 2 ; 3, 4]
  p = true
  q = [3, 4]
  r = [0, 0]
  s = 'double'
  t = true
  u = true
  v = '3 + 4i'
  w = [1, 2 ; 3, 4]
  x = [0, 5 ; 0, -1]
  y = [1, 2 - 5i ; 3, 4 + 1i]
  z = [1, 5.385164807134504 ; 3, 4.123105625617661]
