workspace
  column_conv = [1 ; 3 ; 5 ; 3]
  conv2_complex = [1, 2 + 1i, 2i ; 3, 4 + 3i, 4i]
  conv2_full = [1, 2, 0 ; 3, 3, -2 ; 0, -3, -4]
  conv2_same = [3, 3 ; 7, 7]
  conv2_same_empty = [0, 0 ; 0, 0]
  conv2_same_empty_lhs_size = [0, 3]
  conv2_separable = [1, 4, 5, 2 ; 3, 10, 11, 4 ; -1, -4, -5, -2 ; -3, -10, -11, -4]
  conv2_separable_same = [10, 11 ; -4, -5]
  conv2_valid = [4, 4]
  conv_complex = [1 + 1i, 3 - 1i, -2i]
  conv_full = [1, 3, 6, 5, 3]
  conv_same = [3, 6, 9, 7]
  conv_same_empty = [0, 0, 0]
  conv_same_empty_lhs_size = [1, 0]
  conv_valid = [6, 9]
  conv_valid_empty = [0, 0, 0]
  conv_valid_empty_col = [0 ; 0 ; 0]
  deconv_complex_q = [1 + 1i, 2]
  deconv_complex_r = [0, 0, 0]
