workspace
  iqr_col_dim2 = [0 ; 0 ; 0]
  iqr_cols = [3, 3]
  iqr_dim3 = [0, 0 ; 0, 0 ; 0, 0]
  iqr_dim3_full = [0, 0 ; 0, 0 ; 0, 0]
  iqr_row_dim1 = [0, 0, 0]
  iqr_rows = [1 ; 2 ; 1]
  q_col_dim2 = [1, 1 ; 2, 2 ; 3, 3]
  q_cols = [1.5, 2.75 ; 4.5, 5.75]
  q_dim3_full(:,:,1) = [1, 2 ; 3, 5 ; 5, 6]
  q_dim3_full(:,:,2) = [1, 2 ; 3, 5 ; 5, 6]
  q_row_dim1 = [1, 2, 3 ; 1, 2, 3]
  q_rows = [1, 2 ; 3, 5 ; 5, 6]
  r_col_dim2 = [0 ; 0 ; 0]
  r_cols = [4, 4]
  r_dim3 = [0, 0 ; 0, 0 ; 0, 0]
  r_row_dim1 = [0, 0, 0]
  r_rows = [1 ; 2 ; 1]
