workspace
  a(:,:,1) = [1, 2, 1, 2, 1, 2 ; 3, 4, 3, 4, 3, 4 ; 1, 2, 1, 2, 1, 2 ; 3, 4, 3, 4, 3, 4]
  a(:,:,2) = [1, 2, 1, 2, 1, 2 ; 3, 4, 3, 4, 3, 4 ; 1, 2, 1, 2, 1, 2 ; 3, 4, 3, 4, 3, 4]
  b = [4, 6, 2]
  c = 3
  char_rep = ['ababab' ; 'ababab']
  char_rep2 = ['aa' ; 'bb']
  char_rep2_sz = [2, 2]
  char_rep_sz = [2, 6]
  d = 48
  e = 6
  f(:,:,1) = {1, 2, 1, 2 ; 3, 4, 3, 4}
  f(:,:,2) = {1, 2, 1, 2 ; 3, 4, 3, 4}
  g = [2, 4, 2]
  h(:,:,1) = [5 ; 5]
  h(:,:,2) = [5 ; 5]
  h(:,:,3) = [5 ; 5]
  i = [2, 1, 3]
  j = [1, 2, 1, 2 ; 3, 4, 3, 4 ; 1, 2, 1, 2 ; 3, 4, 3, 4]
  k(:,:,1) = [1, 2 ; 3, 4 ; 1, 2 ; 3, 4]
  k(:,:,2) = [1, 2 ; 3, 4 ; 1, 2 ; 3, 4]
  l = [4, 2, 2]
  m = [1, 1, 2, 2, 3, 3]
  n = [1 ; 2 ; 2 ; 3]
  o = [1, 1, 1, 2, 2, 2 ; 1, 1, 1, 2, 2, 2 ; 3, 3, 3, 4, 4, 4 ; 3, 3, 3, 4, 4, 4]
  p = {1, 1, 2 ; 3, 3, 4 ; 3, 3, 4}
  q = ["x", "x", "x"]
  r = ['ac' ; 'ac' ; 'bd' ; 'bd']
  s = ['aacc' ; 'bbdd']
  t = ['a' ; 'b' ; 'b']
