workspace
  a(:,:,1) = [1, 3 ; 2, 4]
  a(:,:,2) = [5, 7 ; 6, 8]
  empty_axis = []
  empty_pages(:,:,1) = []
  empty_pages(:,:,2) = []
  empty_pages(:,:,3) = []
  empty_pages(:,:,4) = []
  g123 = 3.764350599503129
  g13 = [2.7831576837137404, 5.091459790043661]
  h123 = 2.9434954007884366
  h13 = [2.142857142857143, 4.699300699300699]
  i123 = 4
  i13 = [4, 4]
  i4 = [0, 0 ; 0, 0]
  i_empty_axis = [NaN, NaN ; NaN, NaN]
  i_empty_axis_numel = 4
  i_empty_axis_size = [2, 2]
  i_empty_pages(:,:,1) = [NaN, NaN]
  i_empty_pages(:,:,2) = [NaN, NaN]
  i_empty_pages(:,:,3) = [NaN, NaN]
  i_empty_pages(:,:,4) = [NaN, NaN]
  i_empty_pages_numel = 8
  i_empty_pages_size = [1, 2, 4]
  k123 = 1.7619047619047619
  k13 = [1.221453287197232, 1.221453287197232]
  k4 = [NaN, NaN ; NaN, NaN]
  k_empty_axis = [NaN, NaN ; NaN, NaN]
  k_empty_axis_numel = 4
  k_empty_axis_size = [2, 2]
  k_empty_pages(:,:,1) = [NaN, NaN]
  k_empty_pages(:,:,2) = [NaN, NaN]
  k_empty_pages(:,:,3) = [NaN, NaN]
  k_empty_pages(:,:,4) = [NaN, NaN]
  k_empty_pages_numel = 8
  k_empty_pages_size = [1, 2, 4]
  m = [1, 3 ; 2, 4]
  m123 = 2
  m13 = [2, 2]
  m4 = [0, 0 ; 0, 0]
  m_empty_axis = [NaN, NaN ; NaN, NaN]
  m_empty_axis_numel = 4
  m_empty_axis_size = [2, 2]
  m_empty_pages(:,:,1) = [NaN, NaN]
  m_empty_pages(:,:,2) = [NaN, NaN]
  m_empty_pages(:,:,3) = [NaN, NaN]
  m_empty_pages(:,:,4) = [NaN, NaN]
  m_empty_pages_numel = 8
  m_empty_pages_size = [1, 2, 4]
  moment123 = 48.5625
  moment13 = [0, 0]
  moment4 = [0, 0 ; 0, 0]
  moment_empty_axis = [NaN, NaN ; NaN, NaN]
  moment_empty_axis_numel = 4
  moment_empty_axis_size = [2, 2]
  moment_empty_pages(:,:,1) = [NaN, NaN]
  moment_empty_pages(:,:,2) = [NaN, NaN]
  moment_empty_pages(:,:,3) = [NaN, NaN]
  moment_empty_pages(:,:,4) = [NaN, NaN]
  moment_empty_pages_numel = 8
  moment_empty_pages_size = [1, 2, 4]
  mu123 = 4.5
  mu13 = [3.5, 5.5]
  mu4 = [1, 3 ; 2, 4]
  mu_empty_axis = [NaN, NaN ; NaN, NaN]
  mu_empty_axis_size = [2, 2]
  mu_empty_pages(:,:,1) = [NaN, NaN]
  mu_empty_pages(:,:,2) = [NaN, NaN]
  mu_empty_pages(:,:,3) = [NaN, NaN]
  mu_empty_pages(:,:,4) = [NaN, NaN]
  mu_empty_pages_13 = [NaN, NaN]
  mu_empty_pages_13_size = [1, 2]
  mu_empty_pages_size = [1, 2, 4]
  quart4(:,:,1, 1) = [1, 3 ; 2, 4]
  quart4(:,:,1, 2) = [1, 3 ; 2, 4]
  quart_empty_axis(:,:,1) = [NaN, NaN ; NaN, NaN]
  quart_empty_axis(:,:,2) = [NaN, NaN ; NaN, NaN]
  quart_empty_axis_numel = 8
  quart_empty_axis_size = [2, 2, 2]
  quart_empty_pages(:,:,1) = [NaN, NaN ; NaN, NaN]
  quart_empty_pages(:,:,2) = [NaN, NaN ; NaN, NaN]
  quart_empty_pages(:,:,3) = [NaN, NaN ; NaN, NaN]
  quart_empty_pages(:,:,4) = [NaN, NaN ; NaN, NaN]
  quart_empty_pages_numel = 16
  quart_empty_pages_size = [2, 2, 4]
  r123 = 7
  r13 = [5, 5]
  r4 = [0, 0 ; 0, 0]
  s123 = 0
  s13 = [0, 0]
  s4 = [NaN, NaN ; NaN, NaN]
  s_empty_axis = [NaN, NaN ; NaN, NaN]
  s_empty_axis_numel = 4
  s_empty_axis_size = [2, 2]
  s_empty_pages(:,:,1) = [NaN, NaN]
  s_empty_pages(:,:,2) = [NaN, NaN]
  s_empty_pages(:,:,3) = [NaN, NaN]
  s_empty_pages(:,:,4) = [NaN, NaN]
  s_empty_pages_numel = 8
  s_empty_pages_size = [1, 2, 4]
  sigma123 = 2.449489742783178
  sigma13 = [2.3804761428476167, 2.3804761428476167]
  sigma4 = [0, 0 ; 0, 0]
  sigma_empty_axis = [NaN, NaN ; NaN, NaN]
  sigma_empty_axis_size = [2, 2]
  sigma_empty_pages(:,:,1) = [NaN, NaN]
  sigma_empty_pages(:,:,2) = [NaN, NaN]
  sigma_empty_pages(:,:,3) = [NaN, NaN]
  sigma_empty_pages(:,:,4) = [NaN, NaN]
  sigma_empty_pages_13 = [NaN, NaN]
  sigma_empty_pages_13_size = [1, 2]
  sigma_empty_pages_size = [1, 2, 4]
  t123 = 4.5
  t13 = [3.5, 5.5]
  u123 = 5.049752469181039
  u13 = [4.06201920231798, 5.873670062235365]
  z123(:,:,1) = [-1.4288690166235207, -0.6123724356957946 ; -1.0206207261596576, -0.20412414523193154]
  z123(:,:,2) = [0.20412414523193154, 1.0206207261596576 ; 0.6123724356957946, 1.4288690166235207]
  z13(:,:,1) = [-1.0502100630210074, -1.0502100630210074 ; -0.6301260378126045, -0.6301260378126045]
  z13(:,:,2) = [0.6301260378126045, 0.6301260378126045 ; 1.0502100630210074, 1.0502100630210074]
  z4 = [0, 0 ; 0, 0]
  z_empty_axis = []
  z_empty_axis_size = [2, 2, 0]
  z_empty_pages(:,:,1) = []
  z_empty_pages(:,:,2) = []
  z_empty_pages(:,:,3) = []
  z_empty_pages(:,:,4) = []
  z_empty_pages_13(:,:,1) = []
  z_empty_pages_13(:,:,2) = []
  z_empty_pages_13(:,:,3) = []
  z_empty_pages_13(:,:,4) = []
  z_empty_pages_13_size = [0, 2, 4]
  z_empty_pages_size = [0, 2, 4]
  zzz_range13_omitmissing = [6, 4]
  zzza_range13_includemissing = [6, NaN]
  zzzb_iqr13_omitmissing = [4, 3]
  zzzc_iqr13_includemissing = [4, NaN]
