workspace
  alpha_exists = 7
  alpha_exists_after_rmdir = 0
  child_exists = 7
  class_help_has_summary = true
  class_name = 'MiniCounter.m'
  class_which_all_count = 1
  class_which_has_file = true
  current_class_name = 'MiniCounter'
  current_package_name = 'pkg'
  current_path_matches = true
  dir_txt_count = 2
  help_has_summary = true
  helper_call = true
  helper_exists_after_add = 2
  helper_exists_after_remove = 0
  helper_exists_before = 0
  listing = {'+pkg', '@MiniCounter', 'helpers', 'note.txt'}
  ls_has_note = true
  moved_exists_after_delete = 0
  moved_exists_before_delete = 2
  parent_exists_after_rmdir = 0
  pkg_call = true
  pkg_help_has_summary = true
  pkg_name = 'tool.m'
  pkg_which_all_count = 1
  pkg_which_has_file = true
  pwd_ischar = true
  what_name = 'helpervalue.m'
  which_all_count = 1
  which_has_helper_file = true
