workspace
  color_limits = [0, 2]
  colorbar_handle = 83
  current = 83
  f = 83
  f_limits = 186
  f_manual_pdf = 185
  f_method = 189
  f_numbins = 188
  f_prob = 184
  f_width = 187
  hist2 = 2001
  limited_color_limits = [0, 3]
  limited_hist2 = 2005
  manual_hist2 = 2002
  manual_pdf_color_limits = [0, 0.06666666666666667]
  manual_pdf_hist2 = 2004
  method_color_limits = [0, 1]
  method_hist2 = 2008
  numbins_color_limits = [0, 3]
  numbins_hist2 = 2007
  prob_color_limits = [0, 0.6666666666666666]
  prob_hist2 = 2003
  width_color_limits = [0, 2]
  width_hist2 = 2006
  x_bounds = [0, 3]
  y_bounds = [0, 3]
