workspace
  f = 90
  fig_props = struct{Children=[], CloseRequestFcn=[], CurrentAxes=[], CurrentObject=[], Name='Resize Callback', Number=90, NumberTitle='on', PaperOrientation='portrait', PaperPosition=[-0.4375, 2.1145833333333335, 9.375, 6.770833333333333], PaperPositionMode='auto', PaperSize=[8.5, 11], PaperType='usletter', PaperUnits='inches', Position=[5, 6, 320, 240], ResizeFcn=@mark_resize, Type='figure', Visible='on', WindowStyle='normal'}
  name_after_cleared = 'Reset Figure'
  name_after_position = 'Resize Callback'
  name_before_position = 'Initial Figure'
  position_after_cleared = [7, 8, 330, 250]
  position_after_position = [5, 6, 320, 240]
  resize_request_cleared = []
  resize_request_initial = @mark_resize
  resize_request_struct = @mark_resize
