workspace
  current = 21
  equal_axis = [0, 2, 0, 1]
  f = 21
  grid_off = 21
  grid_on = 21
  grid_toggle = 21
  image_axis = [0.5, 4.5, 0.5, 2.5]
  img = 2002
  lower = 1002
  lower_axis_after_upper_limits = [0.5, 4.5, 0.5, 2.5]
  lower_grid_after_off = 'off'
  lower_grid_after_target_on = 'off'
  lower_grid_after_toggle = 'on'
  lower_grid_initial = 'off'
  lower_visible_after_target_off = 'on'
  lower_xlim_after_target = [0.5, 4.5]
  lower_ylim_after_target = [0.5, 2.5]
  normal_axis = [0, 2, 0, 1]
  upper = 1001
  upper_axis_after_target_limits = [0, 3, -1, 2]
  upper_axis_query = [0, 2, 0, 1]
  upper_grid_after_logical = 'on'
  upper_grid_after_target_on = 'on'
  upper_visible_after_target_off = 'off'
  upper_visible_after_target_on = 'on'
  upper_xlim_after_target = [-2, 4]
  upper_ylim_after_target = [-3, 3]
