workspace
  bottom_after_target = "interp"
  bottom_axes = 1002
  bottom_default = "faceted"
  current = 44
  default_mode = "faceted"
  f = 44
  faceted_mode = "faceted"
  flat_mode = "flat"
  flat_query = "flat"
  interp_mode = "interp"
  interp_query = "interp"
  mesh_handle = 2002
  surface_handle = 2001
  top_after_target = "flat"
  top_axes = 1001
  top_before_target = "flat"
  top_query = "faceted"
