workspace
  after_axes = 1001
  after_copy = 2003
  after_delete = []
  after_lower = 1002
  after_plot = 2001
  after_text = 2002
  ax = 1001
  copy = 2003
  curve = 2001
  f = 50
  fig_current_axes = 1001
  fig_current_object_after_delete = []
  fig_current_object_axes = 1001
  fig_current_object_copy = 2003
  fig_current_object_line = 2001
  fig_current_object_text = 2002
  lower = 1002
  none = []
  txt = 2002
