workspace
  current = 63
  edge_hist = 2002
  f = 63
  f_limits = 166
  f_manual_prob = 165
  f_method = 169
  f_numbins = 168
  f_prob = 164
  f_width = 167
  legend_handle = 63
  limited_hist = 2006
  limited_y_bounds = [0, 3]
  main_hist = 2001
  manual_hist = 2003
  manual_prob_hist = 2005
  manual_prob_y_bounds = [0, 0.7142857142857142]
  method_hist = 2009
  method_y_bounds = [0, 2]
  numbins_hist = 2008
  numbins_y_bounds = [0, 2]
  prob_hist = 2004
  prob_y_bounds = [0, 0.7142857142857142]
  width_hist = 2007
  width_y_bounds = [0, 3]
  x_bounds = [0, 3]
  y_bounds = [0, 3]
