workspace
  bottom = 1002
  bottom_children_empty = []
  bottom_hold_after_off = false
  bottom_hold_after_target_off = false
  bottom_hold_after_toggle = true
  bottom_hold_initial = false
  current_is_figure = true
  current_new = 36
  dots = 2002
  dots_after_delete = false
  f = 35
  figure_after_delete = false
  invalid_handle = false
  is_line = true
  is_line_axes = false
  is_line_graphics = true
  is_line_line = true
  is_matrix = [true, true ; true, true]
  is_top_axes = true
  line = 2001
  mesh_handle = 2003
  top = 1001
  top_children_after_delete = [2001]
  top_children_empty = []
  top_hold_after_all = true
  top_hold_after_command = true
  top_hold_after_target_off = false
