workspace
  ax = 1001
  current = 42
  current_axes_after_target = 1002
  current_xscale_after_target = 'linear'
  f = 42
  left_prop = 'linear'
  lower = 1002
  prop_x1 = 'log'
  prop_x2 = 'linear'
  prop_y1 = 'linear'
  prop_y2 = 'log'
  right_prop = 'log'
  right_scale = 'log'
  sx1 = 'log'
  sy1 = 'linear'
  target_top_xscale = 'log'
  target_top_xscale_prop = 'log'
