workspace
  c = [1, 10 ; 2, 20 ; 3, 30]
  f = 65
  h = [2001, 2002]
  h1_cdata = [1, 2, 3]
  h1_size = [36, 64, 100]
  h1_y = [0, 1, 0]
  h2_cdata = [10, 20, 30]
  h2_size = [49, 81, 121]
  h2_y = [1, 0, 1]
  h3 = [2003, 2004]
  h3_1_cdata = [0.2, 0.4, 0.8]
  h3_1_z = [1, 2, 3]
  h3_2_z = [4, 5, 6]
  h3_type = {'scatter', 'scatter'}
  h_types = {'scatter', 'scatter'}
  s = [36, 49 ; 64, 81 ; 100, 121]
  x = [0 ; 1 ; 2]
  y = [0, 1 ; 1, 0 ; 0, 1]
  z = [1, 4 ; 2, 5 ; 3, 6]
