workspace
  c = {1, 2, 5, 10 ; 3, 4, 6, [] ; 7, 8, 9, []}
  ccol = {10 ; [] ; []}
  clast = 10
  cz = {1, 2, 5, 6, 9 ; 3, 4, 7, 8, 10}
  czcol = {9 ; 10}
  d = {1 ; 2 ; 3 ; 4}
  dlast = 4
  lcg = {1 ; 3 ; 2 ; 4 ; 5 ; 7 ; 6 ; 8 ; [] ; [] ; [] ; [] ; 90}
  lcglast = 90
  lcgsize = [13, 1]
  lg = [1 ; 3 ; 2 ; 4 ; 5 ; 7 ; 6 ; 8 ; 0 ; 0 ; 0 ; 0 ; 9]
  lglast = 9
  lgsize = [13, 1]
  x = [1, 2, 5, 11 ; 3, 4, 6, 0 ; 7, 8, 9, 0]
  xcol = [11 ; 0 ; 0]
  xlast = 0
  y = [1 ; 2 ; 3 ; 4]
  ylast = 4
  z = [1, 2, 5, 6, 9 ; 3, 4, 7, 8, 10]
  zcol = [9 ; 10]
