workspace
  a = "alpha"
  b = "BETA"
  c = [7, 9]
  d = [true, false]
  e = true
  f = false
  idx = 2
  s = [struct{name="alpha", score=7, inner=struct{flag=true}}, struct{name="BETA", score=9, inner=struct{flag=false}}]
  snapshot = [struct{name="alpha", score=7, inner=struct{flag=true}}, struct{name="BETA", score=9, inner=struct{flag=false}}]
