workspace
  assigned(:,:,1) = [10, 2 ; 3, 20]
  assigned(:,:,2) = [5, 40 ; 30, 8]
  folded_assigned(:,:,1) = [100, 200 ; 300, 400]
  folded_assigned(:,:,2) = [5, 6 ; 7, 8]
  folded_cell_assigned(:,:,1) = {1000, 2000 ; 3000, 4000}
  folded_cell_assigned(:,:,2) = {5, 6 ; 7, 8}
  folded_cell_cols = {1, 2 ; 3, 4}
  folded_cols = [1, 2 ; 3, 4]
  selected = [1 ; 4 ; 7 ; 6]
