workspace
  col_false = []
  col_false_size = [3, 0]
  col_mask = [false, true, true]
  cols = [2, 3 ; 0, 0 ; 0, 0]
  m = [100, 101, 102 ; 4, 5, 6 ; 7, 8, 9 ; 200, 201, 202 ; 300, 301, 302 ; 16, 17, 18]
  mask = [false, false, false ; false, true, true ; true, true, true]
  mask_rows = [true, false, true ; false, true, false]
  mix = [false, false, true]
  mrows = [1, 2, 3 ; 10, 11, 12 ; 13, 14, 15]
  row_false = []
  row_false_size = [0, 3]
  row_mask = [true, false, true]
  rows = [1, 2, 3 ; 0, 0, 0]
  selected = [7 ; 5 ; 8 ; 6 ; 9]
  v = [10, 20, 300, 400]
  vfalse = []
  vfalse_size = [1, 0]
  vpick = [30, 40]
  x = [1, 10, 20 ; 4, 0, 0 ; 0, 30, 40]
