workspace
  a = [3, 5]
  a_all = 5
  a_log = true
  a_log_pair = [true, true]
  aa = [false, true, true]
  aaaaa_psnr_df_snr_size = [1, 1, 1, 2]
  aaaaa_ssim_blur_map = [0.9588836752461812, 0.9711670167609863 ; 0.940090123164428, 0.9509559393746637]
  aaaab_psnr_df_snr_batch1 = 12.430380486862944
  aaaac_psnr_df_snr_batch2 = inf
  ab = [true, false ; true, true]
  ac = [3, 0 ; 1, 2]
  ad = true
  ad_rows = [true ; true ; false]
  ae = [1, 3, 5]
  ae2 = [1, 3, 5]
  ae2ia = [2 ; 1]
  ae_rows = [2 ; 1 ; 0]
  af = [1, 3]
  af2 = [1, 3]
  af2ia = [2 ; 3]
  ag = [2 ; 3]
  ah = [3 ; 1]
  ai = [1, 5]
  aj = [2 ; 1]
  ak = ["a", "b", "c"]
  al = [1, 2, 4, 5]
  al2 = [1, 2, 4, 5]
  al2ia = [2 ; 1]
  all_dim2 = [true ; false]
  am = ["b", "c"]
  an = 1
  any_dim2 = [false ; true]
  any_dim3 = [false, true ; true, false]
  ao = 2
  ap = [5, 7, 1, 3]
  ap2 = [5, 7, 1, 3]
  ap2ia = [1 ; 2 ; 3]
  aq = [1, 3]
  aq2 = [1, 3]
  aq2ia = [2 ; 3]
  ar = [2 ; 3]
  as_ = [3 ; 1]
  at = [5, 1]
  au = [1 ; 2]
  av = [5, 1, 2, 4]
  av2 = [5, 1, 2, 4]
  av2ia = [1 ; 2]
  aw = [1 ; 2]
  ax = [2 ; 3]
  ay = ["b", "a", "c"]
  ay2 = ["b", "a", "c"]
  ay2ia = [1 ; 2]
  ay_log = [true ; false]
  ay_log_ia = [1 ; 2]
  az = [3, 1 ; 2, 5 ; 1, 4]
  az2 = [3, 1 ; 2, 5 ; 1, 4]
  az_log = [false, true]
  b = [1, 2]
  b_log = false
  b_log_pair = [false, false]
  b_vec = 1
  ba = [1 ; 2]
  ba2 = [1 ; 2]
  ba_log = [2 ; 1]
  bb = 1
  bb_log = [1 ; 2]
  bc = [3, 1 ; 1, 4]
  bc2 = [3, 1 ; 1, 4]
  bc_log = true
  bd = [1 ; 4]
  bd2 = [1 ; 4]
  bd_log = 1
  be = [2 ; 1]
  be_log = []
  bf = [2, 5 ; 1, 4]
  bf_log = []
  bg = [2 ; 4]
  bg_log = []
  bh = [2, 5 ; 1, 4 ; 7, 8]
  bh2 = [2, 5 ; 1, 4 ; 7, 8]
  bh_log = [true, false]
  bi = [2 ; 4]
  bi2 = [2 ; 4]
  bi_log = [1 ; 2]
  bj = 2
  bk = 2
  bl = 2
  bm = true
  bn = false
  bo = 1
  bp = 1
  bq = true
  br = 0
  bs = 0
  bt = 0
  bu = 0
  bu_range_empty = []
  bv_range_empty_0x3_size = [0, 3]
  bw_range_empty_3x0_size = [1, 0]
  bx_range_empty_dim2_size = [0, 1]
  c = [2, 3.5]
  c_all = 2.75
  c_geo = [1.7320508075688774, 3.162277660168379]
  c_geo_all = 2.340347319320716
  c_geo_dim2 = [2.23606797749979 ; 2.449489742783178]
  c_geo_omitnan = [2]
  c_harm = [1.5, 2.857142857142857]
  c_harm_all = 1.9672131147540985
  c_harm_dim2 = [1.6666666666666667 ; 2.4000000000000004]
  c_harm_omitnan = [1.6]
  c_kurt = [1, 1]
  c_kurt_all = 1.8457142857142856
  c_kurt_corrected = [6.227999999999999]
  c_kurt_dim2 = [1 ; 1]
  c_kurt_nan = [1]
  c_mad = [1, 1.5]
  c_mad_all = 1.25
  c_mad_all_nan = NaN
  c_mad_dim2_nan = [0 ; 0.5]
  c_mad_median = [1, 1.5]
  c_mad_nan = 1
  c_mad_nan_median = 1
  c_mad_vec13 = [1, 1.5]
  c_moment = [1, 5.0625]
  c_moment_all = 1.40625
  c_moment_dim2 = [16 ; 0.0625]
  c_moment_nan = [NaN]
  c_moment_vec13 = [0, 0]
  c_rms = [2.23606797749979, 3.8078865529319543]
  c_rms_all = 3.122498999199199
  c_rms_dim2 = [3.605551275463989 ; 2.5495097567963922]
  c_rms_omitnan = [2.9154759474226504]
  c_skew = [0, 0]
  c_skew_all = 0.4346507595746657
  c_skew_corrected = [1.763632614803888]
  c_skew_dim2 = [0 ; 0]
  c_skew_nan = [0]
  c_trim = 3
  c_trim_all = 2.5
  c_trim_dim2 = [3 ; 2.5]
  c_trim_floor = 4.666666666666667
  c_trim_weighted = 3.8333333333333335
  c_vec13 = [2, 3.5]
  cell_char_member = [true, false, true]
  cell_char_member_loc = [2, 0, 1]
  char_cell_diff = {'fox' ; 'pig'}
  char_cell_diff_ia = [3 ; 4]
  char_cell_inter = {'cat' ; 'dog'}
  char_cell_inter_ia = [1 ; 2]
  char_cell_inter_ib = [2 ; 1]
  char_cell_member = [true ; false ; true]
  char_cell_member_loc = [2 ; 0 ; 1]
  char_cell_scalar = true
  char_cell_scalar_loc = 1
  char_cell_union = {'cat' ; 'dog' ; 'horse'}
  char_cell_union_ia = [1 ; 2]
  char_cell_union_ib = 2
  char_cell_xor = {'cat' ; 'horse'}
  char_cell_xor_ia = 1
  char_cell_xor_ib = 2
  char_diff = 'b'
  char_diff_ia = 1
  char_inter = 'ac'
  char_inter_ia = [3 ; 2]
  char_inter_ib = [2 ; 1]
  char_member = [false, true, true]
  char_member_loc = [0, 2, 1]
  char_num_diff = ['A' ; 'C']
  char_num_diff_ia = [1 ; 3]
  char_num_inter = ['A' ; 'B' ; 'C']
  char_num_inter_ia = [1 ; 2 ; 3]
  char_num_inter_ib = [1 ; 3 ; 5]
  char_num_union = ['A' ; 'B' ; 'C' ; 'D']
  char_num_union_ia = [1 ; 2]
  char_num_union_ib = [2 ; 3]
  char_num_xor = ['A' ; 'C' ; 'D']
  char_num_xor_ia = [1 ; 3]
  char_num_xor_ib = 2
  char_rows_diff = 'cat'
  char_rows_diff_ia = 1
  char_rows_inter = ['cat' ; 'dog']
  char_rows_inter_ia = [1 ; 2]
  char_rows_inter_ib = [3 ; 1]
  char_rows_member = [true ; false ; true]
  char_rows_member_loc = [2 ; 0 ; 1]
  char_rows_union = ['cat' ; 'dog' ; 'fox']
  char_rows_union_ia = [1 ; 2]
  char_rows_union_ib = 2
  char_rows_union_ischar = true
  char_rows_xor = ['cat' ; 'fox']
  char_rows_xor_ia = 1
  char_rows_xor_ib = 2
  char_union = 'abcd'
  char_union_ia = [3 ; 1 ; 2]
  char_union_ib = 3
  char_union_stable = 'bcad'
  char_union_stable_ia = [1 ; 2 ; 3]
  char_xor = 'bd'
  char_xor_ia = 1
  char_xor_ib = 3
  d = [true, false]
  d_all = true
  e = [true, false]
  e_vec = false
  f = 2
  find_empty_col = []
  find_empty_matrix = []
  find_empty_row = []
  find_first = [1, 3]
  find_last = [3, 4]
  find_nd_c = [1 ; 3 ; 2 ; 4]
  find_nd_input(:,:,1) = [1, 0 ; 0, 2]
  find_nd_input(:,:,2) = [0, 3 ; 4, 0]
  find_nd_r = [1 ; 2 ; 2 ; 1]
  find_nd_v = [1 ; 2 ; 4 ; 3]
  find_row_c = [1, 3]
  find_row_r = [1, 1]
  find_row_v = [1, 2]
  g = true
  h = false
  i = [2 ; 3]
  ismember_nd_input(:,:,1) = [1, 2 ; 3, 4]
  ismember_nd_input(:,:,2) = [5, 6 ; 7, 8]
  ismember_nd_loc(:,:,1) = [0, 1 ; 0, 2]
  ismember_nd_loc(:,:,2) = [0, 0 ; 3, 0]
  ismember_nd_tf(:,:,1) = [false, true ; false, true]
  ismember_nd_tf(:,:,2) = [false, false ; true, false]
  j = 4
  k = 1
  l = 2.5
  logic_diff = true
  logic_diff_ia = 1
  logic_inter = [true, false]
  logic_inter_ia = [1 ; 2]
  logic_inter_ib = [2 ; 1]
  logic_rows_diff = [true, false]
  logic_rows_diff_ia = 1
  logic_rows_inter = [false, true]
  logic_rows_inter_ia = 2
  logic_rows_inter_ib = 1
  logic_rows_union = [true, false ; false, true ; true, true]
  logic_rows_union_ia = [1 ; 2]
  logic_rows_unique = [true, false ; false, true]
  logic_rows_unique_ia = [1 ; 2]
  logic_rows_xor = [true, false ; true, true]
  logic_rows_xor_ia = 1
  logic_rows_xor_ib = 2
  logic_union = [true, false]
  logic_union2 = [true, false]
  logic_union_ia = [1 ; 2]
  logic_unique = [true, false]
  logic_unique_ia = [1 ; 2]
  logic_xor = true
  logic_xor_ia = 1
  logic_xor_ib = []
  m = false
  max_all_lin = 5
  max_all_lin_idx = 3
  max_dim1 = [3, 5]
  max_dim1_row = [1, 4, 2]
  max_dim2 = [5 ; 3]
  max_dim2_row = 4
  max_dim3 = [1, 5 ; 3, 2]
  max_empty = []
  max_empty2 = []
  max_empty2_idx = []
  max_empty_default_size = [0, 3]
  max_empty_dim2_idx_size = [0, 1]
  max_empty_dim2_size = [0, 1]
  max_idx_dim1 = [2, 1]
  max_idx_dim1_row = [1, 1, 1]
  max_idx_dim2 = [2 ; 1]
  max_idx_dim2_row = 2
  max_idx_dim3 = [1, 1 ; 1, 1]
  max_pair = [2, 5 ; 3, 9]
  max_scalar_expand = [4, 5 ; 4, 4]
  max_vec_lin = [3, 5]
  max_vec_lin_idx = [2, 3]
  mean_dim1_row = [1, 2, 3]
  mean_dim2_row = 2
  median_dim1_row = [1, 2, 3]
  median_dim2 = [3 ; 2.5]
  min_dim1 = [1, 2]
  min_dim1_row = [1, 4, 2]
  min_dim2 = [1 ; 2]
  min_dim2_lin = [1 ; 2]
  min_dim2_lin_idx = [1 ; 4]
  min_dim2_row = 1
  min_dim3 = [1, 5 ; 3, 2]
  min_empty = []
  min_empty2 = []
  min_empty2_idx = []
  min_empty_dim1_idx_size = [1, 0]
  min_empty_dim1_size = [1, 0]
  min_empty_dim2_size = [3, 0]
  min_idx_dim1 = [1, 2]
  min_idx_dim1_row = [1, 1, 1]
  min_idx_dim2 = [1 ; 2]
  min_idx_dim2_row = 1
  min_idx_dim3 = [1, 1 ; 1, 1]
  min_pair = [1, 4 ; 3, 2]
  min_scalar_expand = [1, 4 ; 3, 2]
  mode_dim1_row = [1, 2, 3]
  mode_dim2 = [3 ; 1 ; 2]
  n = true
  o = []
  p = [1, 3]
  prod_dim2 = [5 ; 6]
  prod_dim3 = [1, 5 ; 3, 2]
  prod_vec13 = [3, 10]
  q = true
  r = [1, 2]
  s = 3
  std_dim2 = [2.1213203435596424 ; 1.4142135623730951 ; 0.7071067811865476]
  std_dim3 = [0, 0 ; 0, 0]
  std_pop = [0.816496580927726, 0]
  std_row_dim1 = [0, 0, 0]
  std_vec = 1.1547005383792515
  sum_all = 11
  sum_dim2 = [6 ; 5]
  sum_dim3 = [1, 5 ; 3, 2]
  t = true
  text_rows_diff = ["pear", "green"]
  text_rows_diff_ia = 1
  text_rows_inter = ["pear", "green" ; "apple", "red"]
  text_rows_inter_ia = [1 ; 2]
  text_rows_inter_ib = [3 ; 2]
  text_rows_member = [true ; false ; true]
  text_rows_member_loc = [2 ; 0 ; 3]
  text_rows_union = ["pear", "green" ; "apple", "red" ; "banana", "yellow"]
  text_rows_union_ia = [1 ; 2]
  text_rows_union_ib = 1
  text_rows_xor = ["pear", "green" ; "banana", "yellow" ; "kiwi", "green"]
  text_rows_xor_ia = 1
  text_rows_xor_ib = [1 ; 3]
  u = [2, 3.5]
  u_all = 2.5
  u_vec13 = [2, 3.5]
  v = [3, 2]
  v_all = 2
  v_ff = [2, 2]
  v_fm = [3, 2]
  v_int_c = {2}
  v_int_c_class = 'int64'
  v_int_class = 'int64'
  v_int_f = 2
  v_int_f_class = 'double'
  v_int_m = 2
  v_logical = false
  v_logical_class = 'logical'
  v_logical_f = 2
  v_logical_f_class = 'double'
  v_logical_m = false
  v_nan = 1
  v_nan_dim2 = [1 ; 2]
  v_rc = {[3] ; [0 ; 1] ; [0 ; 0 ; 1 ; 2 ; 4]}
  v_rf = [2 ; 2 ; 1]
  v_rm = [3 ; 0 ; 0]
  v_vec13 = [3, 2]
  var_all = 1.6
  var_dim2 = [4.5 ; 2 ; 0.5]
  var_dim3 = [0, 0 ; 0, 0]
  var_pop = [0.6666666666666666, 0]
  var_row_dim1 = [0, 0, 0]
  w = [1, 0]
  x = [1, 0]
  y = 0
  z = 0
  za_default_sum_int = 15
  za_default_sum_int_class = 'double'
  za_double_sum_int = 15
  za_double_sum_int_class = 'double'
  za_native_sum_int = 15
  za_native_sum_int_class = 'int64'
  za_native_sum_log = true
  za_native_sum_log_class = 'logical'
  za_sum_omitnan = 4
  zb_nansum = 4
  zb_sum_includenan = NaN
  zc_nansum_vec = 10
  zc_sum_dim2_omitnan = [1 ; 9]
  zd_default_prod_uint = 70
  zd_default_prod_uint_class = 'double'
  zd_double_prod_uint = 70
  zd_double_prod_uint_class = 'double'
  zd_nanmean = 2
  zd_nanprod = 8
  zd_native_prod_log = false
  zd_native_prod_log_class = 'logical'
  zd_native_prod_uint = 70
  zd_native_prod_uint_class = 'uint64'
  zd_prod_omitnan = 8
  ze_mean_omitnan = 2
  ze_nanmean_dim2 = [1 ; 4.5]
  ze_nanprod_dim2 = [2 ; 20]
  zf_mean_dim2_omitnan = [1 ; 4.5]
  zf_nanmedian_all = 4
  zg_mean_dim2_omitnan_leading = [1 ; 4.5]
  zg_nanstd = 1.4142135623730951
  zh_median_omitnan = 2
  zh_nanvar_dim2 = [0 ; 0.5]
  zi_var_omitnan = 2
  zj_std_dim2_omitnan = [0 ; 0.7071067811865476]
  zk_mean_all_nan_omitnan = NaN
  zl_sum_all_nan_omitnan = 0
  zm_var_all_nan_omitnan = NaN
  zn_sum_empty = 0
  zo_prod_empty = 1
  zp_mean_empty = NaN
  zq_median_empty = NaN
  zr_mode_empty = NaN
  zs_var_empty = NaN
  zt_std_empty = NaN
  zu_sum_empty_0x3 = [1, 3]
  zv_prod_empty_0x3 = [1, 3]
  zw_mean_empty_0x3 = [1, 3]
  zx_sum_empty_3x0_dim2 = [3, 1]
  zy_mean_empty_3x0_dim2 = [3, 1]
  zz_char_sum = 195
  zz_char_sum_class = 'double'
  zz_var_empty_3x0_dim2 = [3, 1]
  zza_char_sum_matrix = [196, 198]
  zzb_char_sum_all = 394
  zzc_char_sum_double = 195
  zzc_char_sum_double_class = 'double'
  zzd_char_sum_native_msg = 'sum does not support outtype "native" for char inputs'
  zze_mean_char = 97.5
  zze_mean_char_class = 'double'
  zzf_mean_char_matrix = [98, 99]
  zzg_mean_char_all = 98.5
  zzh_mean_char_double = 97.5
  zzh_mean_char_double_class = 'double'
  zzi_mean_int = 3.75
  zzi_mean_int_class = 'double'
  zzj_mean_char_native_msg = 'mean does not support outtype "native" for char inputs'
  zzk_mean_int_native = 5
  zzk_mean_int_native_class = 'int64'
  zzl_mean_uint_native = 5
  zzl_mean_uint_native_class = 'uint64'
  zzm_sum_omitmissing = 4
  zzn_prod_includemissing = NaN
  zzo_mean_omitmissing = 2
  zzp_var_omitmissing = 2
  zzzq_range_omitmissing = 2
  zzzr_range_includemissing = NaN
  zzzs_range_dim2_omitmissing = [0 ; 1]
  zzzt_range_dim2_omitmissing_leading = [0 ; 1]
  zzzu_iqr_omitmissing = 2
  zzzv_iqr_includemissing = NaN
  zzzw_iqr_dim2_omitmissing = [0 ; 1]
  zzzx_iqr_dim2_omitmissing_leading = [0 ; 1]
  zzzy_quantile_omitmissing = 2
  zzzz_quantile_includemissing = NaN
  zzzza_prctile_omitmissing = 2
  zzzzb_prctile_includemissing = NaN
  zzzzc_mean2 = 2.75
  zzzzd_std2 = 1.707825127659933
  zzzze_mean2_logical = 0.5
  zzzzf_std2_logical = 0.5773502691896257
  zzzzg_corr2_same = 1
  zzzzh_corr2_reverse = -1
  zzzzi_corr2_logical = 1
  zzzzi_multissim_maps_len = 2
  zzzzj_corr2_flat = NaN
  zzzzk_immse_same = 1
  zzzzl_immse_zero = 0
  zzzzm_immse_logical = 0
  zzzzn_psnr_same = 0
  zzzzo_psnr_same_snr = 11.303337684950062
  zzzzp_psnr_peak = 6.020599913279624
  zzzzq_psnr_identical = inf
  zzzzr_psnr_identical_snr = inf
  zzzzs_psnr_zero_ref = 0
  zzzzt_psnr_zero_ref_snr = -inf
  zzzzu_entropy_binary = 1
  zzzzua_psnr_df_badlen_msg = "psnr currently expects DataFormat to have one label per input dimension"
  zzzzub_psnr_df_dupbatch_msg = "psnr currently expects at most one channel label and one batch label in DataFormat"
  zzzzuc_psnr_df_badlabel_msg = "psnr currently expects DataFormat labels drawn from 'S', 'C', and 'B'"
  zzzzv_entropy_logical = 1
  zzzzv_psnr_df_size = [1, 1, 1, 2]
  zzzzw_entropy_flat = 0
  zzzzw_psnr_df_batch1 = 0
  zzzzx_blockproc_border = [1, 1, 2, 2 ; 3, 3, 4, 4]
  zzzzx_blockproc_default = [11, 12, 13 ; 14, 15, 16]
  zzzzx_blockproc_location = [1, 3]
  zzzzx_blockproc_padmethod = [1, 2, 3, 9 ; 4, 5, 6, 9]
  zzzzx_blockproc_padpartial = [2, 2]
  zzzzx_col2im_distinct = [1, 2, 3 ; 4, 5, 6 ; 7, 8, 9]
  zzzzx_col2im_sliding = [1, 2 ; 3, 4]
  zzzzx_colfilt_distinct = [11, 12 ; 13, 14]
  zzzzx_colfilt_distinct_group = [11, 12 ; 13, 14]
  zzzzx_colfilt_indexed = [1.5, 0.9, 1.7]
  zzzzx_colfilt_sliding = [3, 7, 6]
  zzzzx_convn_3d_full = [1, 12, 124, 240, 400]
  zzzzx_convn_3d_same = [12, 124, 240]
  zzzzx_convn_3d_valid = 124
  zzzzx_convn_4d_full = [1, 12, 124, 240, 400]
  zzzzx_convn_4d_mixed = [10, 20, 40]
  zzzzx_convn_4d_same = [12, 124, 240]
  zzzzx_convn_4d_valid = 124
  zzzzx_entropyfilt_3d_size = [2, 2, 2]
  zzzzx_entropyfilt_logical = [0.9182958340544896, 0.9182958340544896, 0.9182958340544896]
  zzzzx_entropyfilt_row = [0.9182958340544896, 1.584962500721156, 0.9182958340544896]
  zzzzx_filter2_default = [2, 5 ; 6, 11]
  zzzzx_filter2_full = [2, 5, 2 ; 6, 11, 4]
  zzzzx_filter2_valid = [5 ; 11]
  zzzzx_im2col_distinct = [1, 7, 3, 9 ; 4, 0, 6, 0 ; 2, 8, 0, 0 ; 5, 0, 0, 0]
  zzzzx_im2col_indexed = [0.2, 0.4 ; 0.3, 1]
  zzzzx_im2col_sliding = [1, 4, 2, 5 ; 4, 7, 5, 8 ; 2, 5, 3, 6 ; 5, 8, 6, 9]
  zzzzx_imboxfilt3_circular = [2.333333333333333, 2.333333333333333, 2.3333333333333335]
  zzzzx_imboxfilt3_default = [1.3333333333333333, 2.333333333333333, 3.333333333333333]
  zzzzx_imboxfilt3_sum = [4, 7, 10]
  zzzzx_imboxfilt_3d_size = [1, 3, 2]
  zzzzx_imboxfilt_circular = [2.333333333333333, 2.333333333333333, 2.3333333333333335]
  zzzzx_imboxfilt_default = [1.3333333333333333, 2.333333333333333, 3.333333333333333]
  zzzzx_imboxfilt_int = [1, 2, 3]
  zzzzx_imboxfilt_int_class = 'int64'
  zzzzx_imboxfilt_sum = [4, 7, 10]
  zzzzx_imfilter_3d_default = [3, 7, 6]
  zzzzx_imfilter_3d_full = [1, 3, 7, 6, 4]
  zzzzx_imfilter_3d_replicate = [4, 7, 10]
  zzzzx_imfilter_4d_default = [3, 7, 6]
  zzzzx_imfilter_4d_full = [1, 3, 7, 6, 4]
  zzzzx_imfilter_4d_mixed = [3, 6, 12]
  zzzzx_imfilter_4d_replicate = [4, 7, 10]
  zzzzx_imfilter_circular = [13, 12, 10]
  zzzzx_imfilter_constant = [9, 9, 9]
  zzzzx_imfilter_conv = [1, 4 ; 3, 10]
  zzzzx_imfilter_default = [2, 5 ; 6, 11]
  zzzzx_imfilter_full = [2, 5, 2 ; 6, 11, 4]
  zzzzx_imfilter_replicate = [9, 12, 15]
  zzzzx_imfilter_symmetric = [10, 12, 13]
  zzzzx_imgaussfilt3_circular = [1.4260279156768036, 2.1065069789192012, 3.467465105403996]
  zzzzx_imgaussfilt3_default = [1.1065069789192012, 2.1065069789192012, 3.7869860421616]
  zzzzx_imgaussfilt3_filter3 = [1.2740686190611972, 2.274068619061197, 3.4518627618776065]
  zzzzx_imgaussfilt3_int = [1, 2, 4]
  zzzzx_imgaussfilt3_int_class = 'int64'
  zzzzx_imgaussfilt_3d_size = [1, 3, 2]
  zzzzx_imgaussfilt_circular = [1.4260279156768032, 2.1065069789192004, 3.467465105403996]
  zzzzx_imgaussfilt_default = [1.1065069789192006, 2.1065069789192004, 3.7869860421615984]
  zzzzx_imgaussfilt_filter3 = [1.2740686190611967, 2.2740686190611967, 3.4518627618776057]
  zzzzx_imgaussfilt_int = [1, 2, 4]
  zzzzx_imgaussfilt_int_class = 'int64'
  zzzzx_medfilt2_default = [0, 2, 0 ; 2, 5, 3 ; 0, 5, 0]
  zzzzx_medfilt2_even = [2.5, 1 ; 1.5, 0]
  zzzzx_medfilt2_indexed = [0.3, 0.3, 0.4]
  zzzzx_medfilt2_logical = [false, true, false]
  zzzzx_medfilt2_symmetric = [2, 3, 3 ; 4, 5, 6 ; 7, 7, 8]
  zzzzx_medfilt3_default = [1, 2, 100]
  zzzzx_medfilt3_int = [1, 2, 2]
  zzzzx_medfilt3_int_class = 'int64'
  zzzzx_medfilt3_logical = [false, true, false]
  zzzzx_medfilt3_replicate = [1, 2, 100]
  zzzzx_medfilt3_zeros = [1, 2, 2]
  zzzzx_modefilt_default = [1, 2 ; 3, 4]
  zzzzx_modefilt_logical = [true, true, true]
  zzzzx_modefilt_replicate = [1, 1, 4]
  zzzzx_modefilt_symmetric = [1, 1, 2]
  zzzzx_modefilt_zeros = [0, 0, 0]
  zzzzx_nlfilter_indexed = [1.5, 0.9, 1.7]
  zzzzx_nlfilter_logical = [false, true, false]
  zzzzx_nlfilter_weighted = [10, 20 ; 30, 41]
  zzzzx_ordfilt2_cross = [1, 2, 2 ; 4, 5, 5 ; 4, 7, 6]
  zzzzx_ordfilt2_default = [0, 2, 0 ; 2, 5, 3 ; 0, 5, 0]
  zzzzx_ordfilt2_logical = [false, true, false]
  zzzzx_ordfilt2_offsets = [11, 12, 13]
  zzzzx_ordfilt2_symmetric = [2, 3, 3 ; 4, 5, 6 ; 7, 7, 8]
  zzzzx_padarray_circular = [2, 4, 1, 2, 4]
  zzzzx_padarray_default = [0, 0, 1, 2, 4, 0, 0]
  zzzzx_padarray_int = [-1, 1, 2]
  zzzzx_padarray_int_class = 'int64'
  zzzzx_padarray_logical = [true, false, true, true]
  zzzzx_padarray_replicate = [1, 2, 4, 4, 4]
  zzzzx_padarray_symmetric = [2, 1, 1, 2, 4]
  zzzzx_psnr_df_batch2 = inf
  zzzzx_rangefilt_3d_size = [2, 2, 2]
  zzzzx_rangefilt_cross = [3, 4, 4 ; 6, 6, 6 ; 4, 4, 3]
  zzzzx_rangefilt_default = [4, 5, 4 ; 7, 8, 7 ; 4, 5, 4]
  zzzzx_ssim_same = 1
  zzzzx_stdfilt_3d_size = [2, 2, 2]
  zzzzx_stdfilt_cross = [1.3038404810405297, 1.5165750888103102, 1.51657508881031 ; 2.1679483388678804, 2.23606797749979, 2.1679483388678804 ; 1.51657508881031, 1.51657508881031, 1.30384048104053]
  zzzzx_stdfilt_default = [1.5811388300841898, 1.7320508075688772, 1.5811388300841898 ; 2.6457513110645907, 2.7386127875258306, 2.6457513110645907 ; 1.5811388300841898, 1.7320508075688772, 1.5811388300841898]
  zzzzx_wiener2_auto = [1.1111111111111112, 1.1111111111111112 ; 1.1111111111111112, 1.1111111111111112]
  zzzzx_wiener2_default = [1.1111111111111112, 1.1111111111111112 ; 1.1111111111111112, 1.1111111111111112]
  zzzzx_wiener2_explicit = [1.026470588235294, 1.788235294117647 ; 2.55, 3.3117647058823527]
  zzzzx_wiener2_identity = [1, 2 ; 3, 4]
  zzzzy_ssim_same_map = [1, 1 ; 1, 1]
  zzzzy_wiener2_noise = 2.0987654320987654
  zzzzz_ssim_blur = 0.9552741886365649
  zzzzza_ssim_blur_dr2 = 0.9556402085765603
  zzzzzb_ssim_blur_r1 = 0.9533257779255593
  zzzzzc_ssim_blur_exp = 0.9493246511387776
  zzzzzd_ssim_blur_reg = 0.9719126893573935
  zzzzze_multissim_same = 1
  zzzzzf_multissim_same_maps = {[1, 1 ; 1, 1]}
  zzzzzf_ssim_rgb_size = [1, 1]
  zzzzzg_multissim_blur = 0.9979534543787917
  zzzzzg_ssim_rgb_ch2 = 0.9890535547199765
  zzzzzh_multissim_blur_maps = {[0.9984123785822638, 0.997696038239888, 0.9973164560499833, 0.9972981446807875 ; 0.9982671154918374, 0.99744981483557, 0.9969073683519528, 0.9965544802785832 ; 0.9979923529105688, 0.996932363801442, 0.9959493081672683, 0.9949109826463872 ; 0.9973445426453453, 0.9955193280985067, 0.9933301250972258, 0.991074182329123], [0.9993818529204965, 0.9994354027184771 ; 0.9994902484724012, 0.9995906450056306]}
  zzzzzj_multissim_map1_size = [4, 4]
  zzzzzj_ssim_rgb_map_size = [2, 2, 3]
  zzzzzk_multissim_map2_size = [2, 2]
  zzzzzl_multissim_blur_dr2 = 0.9980111149293689
  zzzzzl_ssim_batch_msg = "ssim currently expects `DataFormat` for inputs with more than three dimensions"
  zzzzzm_multissim_blur_sigma = 0.9955089741030261
  zzzzzn_multissim_blur_weights = 0.9988658261042201
  zzzzzp_multissim_rgb_size = [1, 1, 3]
  zzzzzp_ssim_rgb_df_size = [1, 1, 3]
  zzzzzq_multissim_rgb_ch2 = 0.9552741886365649
  zzzzzq_ssim_rgb_df_ch2 = 0.9552741886365649
  zzzzzt_multissim_rgb_map1_size = [2, 2, 3]
  zzzzzt_ssim_rgb_df_map_size = [2, 2, 3]
  zzzzzv_multissim_batch_size = [1, 1, 2, 2]
  zzzzzv_ssim_batch_df_size = [1, 1, 2, 2]
  zzzzzw_multissim_batch_ch21 = 0.9552741886365649
  zzzzzw_ssim_batch_df_ch21 = 0.9552741886365649
  zzzzzx_multissim_batch_ch22 = 1
  zzzzzx_ssim_batch_df_ch22 = 1
  zzzzzy_multissim3_same = 1
  zzzzzya_ssim_nonint = 0
  zzzzzyb_ssim_nonint_map = [0, 0 ; 0, 0]
  zzzzzyc_multissim_df_msg = "multissim currently does not support a `DataFormat` option for numeric arrays"
  zzzzzyd_multissim3_df_msg = "multissim3 currently does not support a `DataFormat` option for numeric arrays"
  zzzzzz_multissim3_same_maps = {[1, 1 ; 1, 1]}
  zzzzzza_multissim3_blur = 0.9993321820404385
  zzzzzzb_multissim3_blur_maps = {[0.9992998372855849, 0.9984339621792263 ; 0.9994728534437569, 0.9988522670728935], [0.9999375918968583]}
  zzzzzzc_multissim3_map1_size = [2, 2, 2]
  zzzzzzd_multissim3_map2_size = [1, 1]
  zzzzzzf_multissim3_batch_size = [1, 1, 1, 2]
  zzzzzzg_multissim3_batch_val = 0.9986499789535582
  zzzzzzh_multissim3_blur_dr2 = 0.9993405810456337
  zzzzzzi_multissim3_blur_sigma = 0.9992185940894126
  zzzzzzj_multissim3_blur_weights = 0.9996953839548053
