workspace
  a = [3, 5]
  aa = [false, true, true]
  ab = [true, false ; true, true]
  ac = [3, 0 ; 1, 2]
  ad = true
  ad_rows = [true ; true ; false]
  ae = [1, 3, 5]
  ae2 = [1, 3, 5]
  ae2ia = [2 ; 1]
  ae_rows = [2 ; 1 ; 0]
  af = [1, 3]
  af2 = [1, 3]
  af2ia = [2 ; 3]
  ag = [2 ; 3]
  ah = [3 ; 1]
  ai = [1, 5]
  aj = [2 ; 1]
  ak = ["a", "b", "c"]
  al = [1, 2, 4, 5]
  al2 = [1, 2, 4, 5]
  al2ia = [2 ; 1]
  all_dim2 = [true ; false]
  am = ["b", "c"]
  an = 1
  any_dim2 = [false ; true]
  any_dim3 = [false, true ; true, false]
  ao = 2
  ap = [5, 7, 1, 3]
  ap2 = [5, 7, 1, 3]
  ap2ia = [1 ; 2 ; 3]
  aq = [1, 3]
  aq2 = [1, 3]
  aq2ia = [2 ; 3]
  ar = [2 ; 3]
  as_ = [3 ; 1]
  at = [5, 1]
  au = [1 ; 2]
  av = [5, 1, 2, 4]
  av2 = [5, 1, 2, 4]
  av2ia = [1 ; 2]
  aw = [1 ; 2]
  ax = [2 ; 3]
  ay = ["b", "a", "c"]
  ay2 = ["b", "a", "c"]
  ay2ia = [1 ; 2]
  az = [3, 1 ; 2, 5 ; 1, 4]
  az2 = [3, 1 ; 2, 5 ; 1, 4]
  b = [1, 2]
  ba = [1 ; 2]
  ba2 = [1 ; 2]
  bb = 1
  bc = [3, 1 ; 1, 4]
  bc2 = [3, 1 ; 1, 4]
  bd = [1 ; 4]
  bd2 = [1 ; 4]
  be = [2 ; 1]
  bf = [2, 5 ; 1, 4]
  bg = [2 ; 4]
  bh = [2, 5 ; 1, 4 ; 7, 8]
  bh2 = [2, 5 ; 1, 4 ; 7, 8]
  bi = [2 ; 4]
  bi2 = [2 ; 4]
  bj = 2
  bk = 2
  bl = 2
  bm = true
  bn = false
  bo = 1
  c = [2, 3.5]
  d = [true, false]
  e = [true, false]
  f = 2
  find_empty_col = []
  find_empty_matrix = []
  find_empty_row = []
  find_first = [1, 3]
  find_last = [3, 4]
  find_nd_c = [1 ; 2 ; 3 ; 4]
  find_nd_input(:,:,1) = [1, 0 ; 0, 2]
  find_nd_input(:,:,2) = [0, 3 ; 4, 0]
  find_nd_r = [1 ; 2 ; 2 ; 1]
  find_nd_v = [1 ; 4 ; 2 ; 3]
  find_row_c = [1, 3]
  find_row_r = [1, 1]
  find_row_v = [1, 2]
  g = true
  h = false
  i = [2 ; 3]
  ismember_nd_input(:,:,1) = [1, 2 ; 3, 4]
  ismember_nd_input(:,:,2) = [5, 6 ; 7, 8]
  ismember_nd_loc(:,:,1) = [0, 1 ; 0, 2]
  ismember_nd_loc(:,:,2) = [0, 0 ; 3, 0]
  ismember_nd_tf(:,:,1) = [false, true ; false, true]
  ismember_nd_tf(:,:,2) = [false, false ; true, false]
  j = 4
  k = 1
  l = 2.5
  m = false
  max_dim1 = [3, 5]
  max_dim1_row = [1, 4, 2]
  max_dim2 = [5 ; 3]
  max_dim2_row = 4
  max_dim3 = [1, 5 ; 3, 2]
  max_idx_dim1 = [2, 1]
  max_idx_dim1_row = [1, 1, 1]
  max_idx_dim2 = [2 ; 1]
  max_idx_dim2_row = 2
  max_idx_dim3 = [1, 1 ; 1, 1]
  max_pair = [2, 5 ; 3, 9]
  max_scalar_expand = [4, 5 ; 4, 4]
  mean_dim1_row = [1, 2, 3]
  mean_dim2_row = 2
  median_dim1_row = [1, 2, 3]
  median_dim2 = [3 ; 2.5]
  min_dim1 = [1, 2]
  min_dim1_row = [1, 4, 2]
  min_dim2 = [1 ; 2]
  min_dim2_row = 1
  min_dim3 = [1, 5 ; 3, 2]
  min_idx_dim1 = [1, 2]
  min_idx_dim1_row = [1, 1, 1]
  min_idx_dim2 = [1 ; 2]
  min_idx_dim2_row = 1
  min_idx_dim3 = [1, 1 ; 1, 1]
  min_pair = [1, 4 ; 3, 2]
  min_scalar_expand = [1, 4 ; 3, 2]
  mode_dim1_row = [1, 2, 3]
  mode_dim2 = [3 ; 1 ; 2]
  n = true
  o = []
  p = [1, 3]
  prod_dim2 = [5 ; 6]
  prod_dim3 = [1, 5 ; 3, 2]
  q = true
  r = [1, 2]
  s = 3
  std_dim2 = [2.1213203435596424 ; 1.4142135623730951 ; 0.7071067811865476]
  std_dim3 = [0, 0 ; 0, 0]
  std_pop = [0.816496580927726, 0]
  std_row_dim1 = [0, 0, 0]
  sum_dim2 = [6 ; 5]
  sum_dim3 = [1, 5 ; 3, 2]
  t = true
  u = [2, 3.5]
  v = [3, 2]
  var_dim2 = [4.5 ; 2 ; 0.5]
  var_dim3 = [0, 0 ; 0, 0]
  var_pop = [0.6666666666666666, 0]
  var_row_dim1 = [0, 0, 0]
  w = [1, 0]
  x = [1, 0]
  y = 0
  z = 0
