workspace
  a(:,:,1) = [1, 3]
  a(:,:,2) = [2, 4]
  assign_msg = "indexing into part of field `value` for multiple struct-array elements is not supported; index a single struct element first"
  b = [1, 2, 2]
  c(:,:,1) = [10, 30]
  c(:,:,2) = [20, 40]
  d = [1, 2, 2]
  err = struct{cause={}, identifier="MATC:Unsupported", message="indexing into part of field `value` for multiple struct-array elements is not supported; index a single struct element first", stack=[struct{file="<root>", line=0, name="<script>"}]}
  expr_failed = true
  s(:,:,1) = [struct{value=10}, struct{value=20}]
  s(:,:,2) = [struct{value=30}, struct{value=40}]
