workspace
  a = struct{name="alpha", value=3}
  b = [struct{name="alpha", value=1, flag=true}, struct{name="beta", value=2, flag=true}]
  c = ["alpha", "beta"]
  d = [1, 2]
  e = [true, true]
  f = {'name' ; 'value' ; 'flag'}
  g = true
  h = [struct{name="alpha", flag=true}, struct{name="beta", flag=true}]
  i = ["alpha", "beta"]
