workspace
  a = 'l'
  aa = [3, 5]
  ab = [1, 5]
  ac = {[1], [3]}
  ad(:,:,1) = ['ac' ; 'bd']
  ad(:,:,2) = ['eg' ; 'fh']
  ad(:,:,3) = ['  ' ; '  ']
  ad(:,:,4) = ['mn' ; 'op']
  ad1 = ['ac' ; 'bd']
  ad2 = ['eg' ; 'fh']
  ad3 = ['  ' ; '  ']
  ad4 = ['mn' ; 'op']
  ad_size = [2, 2, 4]
  b = 'lph'
  c = 'aa'
  d = ['a' ; 'l' ; 'p' ; 'h' ; 'a']
  err2 = struct{cause={}, identifier="MATC:TypeError", message="strfind currently expects the pattern input to be a character vector or string scalar, found matrix", stack=[struct{file="<root>", line=0, name="<script>"}]}
  q = 'aYZ'
  s = 'aZpha'
  strfind_empty = []
  strfind_empty_force = {[]}
  strfind_force = {[3, 5]}
  strfind_force_string = {[1, 5]}
  strfind_pattern_id = "MATC:TypeError"
  strfind_pattern_msg = "strfind currently expects the pattern input to be a character vector or string scalar, found matrix"
  t = 'xyz'
  ta = 'xy  z'
  tb = [120, 121, 32, 32, 122]
  u = 'ac'
  v = true
  w = false
  x = 8
  y = true
  z = true
