workspace
  a = [" alpha ", "beta" ; "Gamma", "delta "]
  aa = ["alpha", "beta"]
  ab = ["1", "true" ; "x", "y"]
  ac = []
  ad = [0, 2]
  b = ["alpha", "beta" ; "Gamma", "delta"]
  c = ["ALPHA", "BETA" ; "GAMMA", "DELTA"]
  d = [true, true ; true, true]
  e = ["false", "false" ; "true", "true"]
  f = ["pre_one", "mid_two"]
  g = ["a" ; "b" ; "c"]
  h = ["left/right" ; "up/down"]
  i = ["x", "y"]
  j = ["a", "b"]
  k = true
  l = true
  m = [true, false]
  n = ["cAb", "dAb"]
  o = ["x + y = z" ; "a - b = c"]
  p = [true, true]
  q = [true ; false]
  r = [true, true]
  s = {'ALPHA', 'BETA'}
  t = {'alpha', 'beta'}
  u = {'cAb', 'dAb'}
  v = []
  w = [0, 1]
  x = {'alpha', 'beta' ; 'gamma', 'delta'}
  y = {'solo'}
  z = {}
