workspace
  a = [" alpha ", "beta" ; "Gamma", "delta "]
  aa = ["alpha", "beta"]
  ab = ["1", "true" ; "x", "y"]
  ac = []
  ac_f = []
  ac_f_class = 'string'
  ac_rep0 = []
  ac_rep0_class = 'string'
  ac_rot = []
  ac_rot_class = 'string'
  ac_scalar_rep0 = []
  ac_scalar_rep0_class = 'string'
  ac_shift = []
  ac_shift_class = 'string'
  ad = [0, 2]
  ad_r = []
  ad_r_class = 'string'
  ad_t = []
  ad_t_class = 'string'
  ae = true
  af = true
  ag = true
  ah = false
  ai = false
  aj = [4 ; 2]
  ak = 2
  al = [2 ; 0]
  am = {'ab' ; 'cde'}
  an = true
  ao = {'alpha', 'beta'}
  ap = [2, 1]
  aq = true
  ar = false
  as = ["ab" ; "cd"]
  at = ["ab" ; "c "]
  au = [2, 1]
  av(:,:,1) = ["ac" ; "bd"]
  av(:,:,2) = ["eg" ; "fh"]
  aw(:,:,1) = {'ac' ; 'bd'}
  aw(:,:,2) = {'eg' ; 'fh'}
  ax = [2, 1, 2]
  ay = ['ab' ; 'cd']
  az = ['ab' ; 'cd' ; 'ef' ; 'gh']
  b = ["alpha", "beta" ; "Gamma", "delta"]
  ba = [4, 2]
  bb = ['ab ' ; 'cde']
  bc = ['ab' ; 'c ']
  bd = [2 ; 2]
  be(:,:,1) = [2 ; 2]
  be(:,:,2) = [2 ; 2]
  bf = [true ; false]
  bg = [true ; false]
  bh = [true ; false]
  bi(:,:,1) = [2 ; 1]
  bi(:,:,2) = [1 ; 0]
  bj(:,:,1) = {[1, 2] ; [2]}
  bj(:,:,2) = {[1] ; []}
  bk(:,:,1) = [true ; false]
  bk(:,:,2) = [false ; false]
  bl(:,:,1) = ["ac!" ; "bd!"]
  bl(:,:,2) = ["eg!" ; "fh!"]
  bm = [2, 1, 2]
  bn(:,:,1) = ["xac" ; "xbd"]
  bn(:,:,2) = ["xeg" ; "xfh"]
  bo = [2, 1, 2]
  bp = ["axyb" ; "czzd"]
  bq = [2, 1]
  br = "ab cd"
  bs = [1, 1]
  bt = ["ab ef" ; "cd gh"]
  bu = [2, 1]
  c = ["ALPHA", "BETA" ; "GAMMA", "DELTA"]
  d = [true, true ; true, true]
  e = ["false", "false" ; "true", "true"]
  f = ["pre_one", "mid_two"]
  g = ["a" ; "b" ; "c"]
  h = ["left/right" ; "up/down"]
  i = ["x", "y"]
  j = ["a", "b"]
  k = true
  l = true
  m = [true, false]
  n = ["cAb", "dAb"]
  o = ["x + y = z" ; "a - b = c"]
  p = [true, true]
  q = [true ; false]
  r = [true, true]
  s = {'ALPHA', 'BETA'}
  t = {'alpha', 'beta'}
  u = {'cAb', 'dAb'}
  v = []
  w = [0, 1]
  x = {'alpha', 'beta' ; 'gamma', 'delta'}
  y = {'solo'}
  z = {}
