workspace
  a = "X<mid>post"
  b = 'pre<mid>Y'
  c = 'ab   '
  d = "   ab"
  e = ' ab  '
  f = "L|R"
  g = "Clerk Maxwell"
  h = ["Edgar Allen  Jr." ; "Louisa May  Sr."]
  i = ["Edgar A. Poe" ; "Louisa M. Alcott"]
  j = "Hello, Mars!"
  k = "Hello, Mars!"
  l = ["a  " ; "bbb"]
  m = "0003.44"
  n = {'a..', 'bbb'}
  o = ['Zb' ; 'Zd']
  p(:,:,1) = ['aZ' ; 'cZ']
  p(:,:,2) = ['eZ' ; 'gZ']
  q(:,:,1) = ['Z<' ; 'Z<']
  q(:,:,2) = ['Z<' ; 'Z<']
  r(:,:,1) = ['<X>' ; '<X>']
  r(:,:,2) = ['<X>' ; '<X>']
  s(:,:,1) = ['X' ; 'X']
  s(:,:,2) = ['X' ; 'X']
  t(:,:,1) = ['ac' ; 'bd']
  t(:,:,2) = ['eg' ; 'fh']
  u = [2, 1, 2]
