workspace
  a = 'alpha'
  b = 'a-b-c'
  c = "mid"
  d = 'pre<X>post'
  e = "alpha/beta/gamma"
  f = "pre[Q]post"
  g = ["Allen" ; "May"]
  h = "world"
  i = {'mid', 'beta'}
  j = {'pre<X>post', 'alpha[X]gamma'}
  k = {'Hello', 'world'}
  l = ["alpha", "beta", "gamma"]
  m = [",", ";"]
  n = ["left", "right"]
  o = {'a', '', 'b'}
  p = 'alpha'
  q = ' beta'
  r = "left"
  s = "/right"
  t = {'1.21', '1.985', '1.955', '2.015', '1.885', ''}
  u = {'m/s', 'm/s ', ' m/s', ' m/s ', 'm/s'}
  v = {'The', 'r', '', 'in', 'Sp', '', 'stays', 'm', 'ly', 'in', 'the', 'pl', '.'}
  w = {' ', 'ain', ' ', ' ', 'ain', ' ', ' ', 'ain', ' ', ' ', ' ', 'ain'}
