unit Script
expr apply(clear, [char('all')])
expr apply(clearvars, [char('-except'), char('keep')])
expr apply(save, [char('vars.mat'), char('alpha'), char('beta')])
expr apply(save, [char('vars.mat'), char('-append'), char('alpha')])
expr apply(save, [char('vars.mat'), char('-regexp'), char('^alpha')])
expr apply(load, [char('vars.mat'), char('alpha')])
expr apply(load, [char('vars.mat'), char('-regexp'), char('^alpha')])
expr apply(who, [char('-file'), char('vars.mat')])
expr apply(whos, [char('-file'), char('vars.mat')])
expr apply(format, [char('short')])
expr apply(format, [char('short'), char('g')])
expr apply(format, [char('long')])
expr apply(format, [char('long'), char('g')])
expr apply(format, [char('bank')])
expr apply(format, [char('compact')])
expr apply(format, [char('loose')])
expr apply(format, [char('short'), char('g'), char('compact')])
