unit Script
expr apply(string, [char('pkg.sub'), char('folder/file.txt'), char('name-value'), char('1:3'), char('-flag'), char('./tmp/file'), char('/tmp/file'), char('\tmp\file'), char('@helper'), char('../rel'), char('name=value'), char('alpha==beta'), char('lower<=upper'), char('left~=right'), char('opt&&flag'), char('opt||flag'), char('key="two words"'), char('key=''two words'''), char('value(1,2)'), char('nested{1,2}'), char('cell(1,[2,3])'), char('matrix([1,2;3,4])')])
assign [x] = apply(strcmp, [char('pkg.sub'), char('pkg.sub')])
assign [y] = apply(char, [char('"delta"')])
assign [z] = apply(strcmp, [char('alpha'), char('alpha')])
assign [w] = apply(field(pkg, helper), [char('alpha')])
assign [q] = apply(field(cmdpkg, helper), [char('name=value')])
assign [r] = apply(field(cmdpkg, helper), [char('key="two words"')])
assign [s] = apply(field(cmdpkg, helper), [char('key=''two words''')])
assign [t] = apply(field(cmdpkg, helper), [char('name=value')])
assign [u] = apply(field(cmdpkg, helper), [char('alphabeta')])
assign [v] = apply(field(cmdpkg, helper), [char('alpha'), char('beta')])
assign [sign_base] = number(5)
assign [dotted_base] = apply(struct, [string("helper"), number(5)])
assign [dotted_div] = number(2)
assign [aa] = binary(Subtract, sign_base, number(1))
assign [ab] = binary(Add, sign_base, number(1))
assign [ac] = apply(field(cmdpkg, helper), [char('-1:3')])
assign [ad] = apply(field(cmdpkg, helper), [char('+1:3')])
assign [ae] = apply(field(cmdpkg, helper), [char('-1ms')])
assign [af] = apply(field(cmdpkg, helper), [char('+1ms')])
assign [div_base] = number(8)
assign [divisor] = number(2)
assign [ag] = binary(ElementwiseRightDivide, div_base, divisor)
assign [ah] = binary(ElementwiseLeftDivide, div_base, divisor)
assign [ai] = apply(field(cmdpkg, helper), [char('./tmp/file')])
assign [aj] = binary(MatrixRightDivide, div_base, divisor)
assign [ak] = binary(MatrixLeftDivide, div_base, divisor)
assign [al] = apply(field(cmdpkg, helper), [char('/tmp/file')])
assign [am] = apply(field(cmdpkg, helper), [char('\tmp\file')])
assign [an] = apply(field(cmdpkg, helper), [char('value(1,2)')])
assign [ao] = apply(field(cmdpkg, helper), [char('nested{1,2}')])
assign [ap] = apply(field(cmdpkg, helper), [char('cell(1,[2,3])')])
assign [aq] = apply(field(cmdpkg, helper), [char('matrix([1,2;3,4])')])
assign [ar] = binary(Subtract, sign_base, binary(Add, number(1), number(2)))
assign [as] = binary(Add, sign_base, matrix[number(1), number(2)])
assign [at] = binary(Subtract, field(dotted_base, helper), binary(Add, number(1), number(2)))
assign [au] = binary(Add, field(dotted_base, helper), matrix[number(1), number(2)])
assign [av] = binary(Subtract, sign_base, apply(sum, [matrix[number(1), number(2)]]))
assign [aw] = binary(Add, sign_base, apply(sum, [matrix[number(1), number(2)]]))
assign [ax] = binary(Subtract, field(dotted_base, helper), apply(sum, [matrix[number(1), number(2)]]))
assign [ay] = binary(Add, field(dotted_base, helper), apply(sum, [matrix[number(1), number(2)]]))
assign [rhs_struct] = apply(struct, [string("value"), number(3), string("items"), matrix[number(1), number(2)]])
assign [dotted_rhs] = apply(struct, [string("value"), number(3), string("items"), matrix[number(1), number(2)]])
assign [az] = binary(Subtract, sign_base, field(rhs_struct, value))
assign [ba] = binary(Add, sign_base, apply(field(rhs_struct, items), [number(2)]))
assign [bb] = binary(Subtract, field(dotted_base, helper), field(dotted_rhs, value))
assign [bc] = binary(Add, field(dotted_base, helper), apply(field(dotted_rhs, items), [number(2)]))
assign [bs] = binary(MatrixRightDivide, field(dotted_base, helper), dotted_div)
assign [bt] = binary(MatrixLeftDivide, field(dotted_base, helper), dotted_div)
assign [bu] = binary(ElementwiseRightDivide, field(dotted_base, helper), dotted_div)
assign [bv] = binary(ElementwiseLeftDivide, field(dotted_base, helper), dotted_div)
assign [mul_base] = number(6)
assign [mul_rhs] = number(2)
assign [bd] = binary(Multiply, mul_base, mul_rhs)
assign [be] = binary(ElementwiseMultiply, mul_base, mul_rhs)
assign [bf] = binary(Power, mul_base, mul_rhs)
assign [bg] = binary(ElementwisePower, mul_base, mul_rhs)
assign [bh] = apply(field(cmdpkg, helper), [char('*.txt')])
assign [bi] = binary(ElementwiseMultiply, field(dotted_base, helper), dotted_div)
assign [bj] = binary(Power, field(dotted_base, helper), dotted_div)
assign [bk] = binary(ElementwisePower, field(dotted_base, helper), dotted_div)
assign [bl] = apply(field(cmdpkg, helper), [char('"two words".txt')])
assign [bm] = apply(field(cmdpkg, helper), [char('''two words''.m')])
assign [bn] = apply(field(cmdpkg, helper), [char('''two words'',suffix')])
assign [bo] = apply(field(cmdpkg, helper), [char('key="a;b";tail')])
assign [bp] = apply(field(cmdpkg, helper), [char('value(1,"a,b",3)')])
assign [bq] = apply(field(cmdpkg, helper), [char('note=''%literal comment text%''')])
assign [br] = apply(field(cmdpkg, helper), [char('prefix"two words"suffix')])
expr apply(print, [char('-dpng'), char('out_file')])
expr apply(print, [char('-r300'), char('-dpng'), char('out_file')])
expr apply(print, [char('-dsvg'), char('out_file')])
expr apply(print, [char('-f2'), char('-dpdf'), char('out_pdf'), char('-bestfit'), char('-r0')])
assign [ca] = binary(Subtract, field(dotted_base, helper), binary(Add, number(1), number(2)))
assign [cb] = binary(Add, field(dotted_base, helper), matrix[number(1), number(2)])
assign [cc] = binary(Subtract, field(dotted_base, helper), apply(sum, [matrix[number(1), number(2)]]))
assign [cd] = binary(Add, field(dotted_base, helper), apply(sum, [matrix[number(1), number(2)]]))
assign [ce] = binary(Multiply, field(dotted_base, helper), dotted_div)
assign [cf] = binary(ElementwiseMultiply, field(dotted_base, helper), dotted_div)
assign [cg] = binary(Power, field(dotted_base, helper), dotted_div)
assign [ch] = binary(ElementwisePower, field(dotted_base, helper), dotted_div)
assign [postfix_base] = number(10)
assign [foo] = apply(struct, [string("bar"), number(2)])
assign [foo_values] = matrix[number(2), number(4)]
assign [foo_cells] = cell{number(2)}
assign [ci] = binary(MatrixRightDivide, postfix_base, field(foo, bar))
assign [cj] = binary(Multiply, postfix_base, field(foo, bar))
assign [ck] = binary(Power, postfix_base, field(foo, bar))
assign [cl] = binary(ElementwiseRightDivide, postfix_base, field(foo, bar))
assign [cm] = binary(ElementwiseMultiply, postfix_base, field(foo, bar))
assign [cn] = binary(ElementwisePower, postfix_base, field(foo, bar))
assign [co] = binary(MatrixRightDivide, postfix_base, apply(foo_values, [number(1)]))
assign [cp] = binary(Multiply, postfix_base, apply(foo_values, [number(1)]))
assign [cq] = binary(Power, postfix_base, apply(foo_values, [number(1)]))
assign [cr] = binary(MatrixRightDivide, postfix_base, cell_index(foo_cells, [number(1)]))
assign [cs] = binary(Multiply, postfix_base, cell_index(foo_cells, [number(1)]))
assign [ct] = binary(Power, postfix_base, cell_index(foo_cells, [number(1)]))
assign [cu] = binary(MatrixRightDivide, field(dotted_base, helper), field(foo, bar))
assign [cv] = binary(Multiply, field(dotted_base, helper), field(foo, bar))
assign [cw] = binary(Power, field(dotted_base, helper), field(foo, bar))
assign [cx] = binary(ElementwiseRightDivide, field(dotted_base, helper), field(foo, bar))
assign [cy] = binary(ElementwiseMultiply, field(dotted_base, helper), field(foo, bar))
assign [cz] = binary(ElementwisePower, field(dotted_base, helper), field(foo, bar))
assign [da] = binary(MatrixRightDivide, field(dotted_base, helper), apply(foo_values, [number(1)]))
assign [db] = binary(Multiply, field(dotted_base, helper), apply(foo_values, [number(1)]))
assign [dc] = binary(Power, field(dotted_base, helper), apply(foo_values, [number(1)]))
assign [dd] = binary(MatrixRightDivide, field(dotted_base, helper), cell_index(foo_cells, [number(1)]))
assign [de] = binary(Multiply, field(dotted_base, helper), cell_index(foo_cells, [number(1)]))
assign [df] = binary(Power, field(dotted_base, helper), cell_index(foo_cells, [number(1)]))
assign [dg] = apply(field(cmdpkg, helper), [char('"two words"')])
assign [dh] = apply(field(cmdpkg, helper), [char('"two words"'), char('"three words"')])
assign [di] = apply(field(cmdpkg, helper), [char('''two words''')])
assign [dj] = apply(field(cmdpkg, helper), [char('"a,b"'), char('more')])
assign [dk] = apply(field(cmdpkg, helper), [char('"a;b"'), char('tail')])
assign [dl] = apply(field(cmdpkg, helper), [char('key="a""b"')])
assign [dm] = apply(field(cmdpkg, helper), [char('alpha == beta')])
assign [dn] = apply(field(cmdpkg, helper), [char('alpha ~= beta')])
assign [do] = apply(field(cmdpkg, helper), [char('alpha <= beta')])
assign [dp] = apply(field(cmdpkg, helper), [char('alpha >= beta')])
assign [dq] = apply(field(cmdpkg, helper), [char('alpha < beta')])
assign [dr] = apply(field(cmdpkg, helper), [char('alpha > beta')])
assign [ds] = apply(field(cmdpkg, helper), [char('alpha && beta')])
assign [dt] = apply(field(cmdpkg, helper), [char('alpha || beta')])
